Component: ARM Compiler 5.06 update 4 (build 422) Tool: armlink [4d35d2]

==============================================================================

Section Cross References

    main.o(i.ADC_Disable) refers to nrfx_saadc.o(i.nrfx_saadc_uninit) for nrfx_saadc_uninit
    main.o(i.ADC_Enable) refers to main.o(i.ADC_Init) for ADC_Init
    main.o(i.ADC_Init) refers to nrfx_saadc.o(i.nrfx_saadc_init) for nrfx_saadc_init
    main.o(i.ADC_Init) refers to app_error.o(i.app_error_handler_bare) for app_error_handler_bare
    main.o(i.ADC_Init) refers to nrfx_saadc.o(i.nrfx_saadc_channel_init) for nrfx_saadc_channel_init
    main.o(i.ADC_Init) refers to nrfx_saadc.o(i.nrfx_saadc_buffer_convert) for nrfx_saadc_buffer_convert
    main.o(i.ADC_Init) refers to main.o(i.adcCallbackFunc) for adcCallbackFunc
    main.o(i.ADC_Init) refers to main.o(.constdata) for .constdata
    main.o(i.ADC_Init) refers to main.o(.data) for .data
    main.o(i.ADC_Read) refers to nrfx_saadc.o(i.nrfx_saadc_sample) for nrfx_saadc_sample
    main.o(i.ADC_Read) refers to app_error.o(i.app_error_handler_bare) for app_error_handler_bare
    main.o(i.ADC_start) refers to app_timer2.o(i.app_timer_start) for app_timer_start
    main.o(i.ADC_start) refers to main.o(.constdata) for .constdata
    main.o(i.ADC_stop) refers to app_timer2.o(i.app_timer_stop) for app_timer_stop
    main.o(i.ADC_stop) refers to main.o(.constdata) for .constdata
    main.o(i.EPD_Init) refers to eink.o(i.SPI_EP_Init) for SPI_EP_Init
    main.o(i.EPD_Init) refers to nrfx_lpcomp.o(i.nrfx_lpcomp_disable) for nrfx_lpcomp_disable
    main.o(i.EPD_Init) refers to eink.o(i.EPD_HW_Init1) for EPD_HW_Init1
    main.o(i.EPD_Init) refers to app_timer2.o(i.app_timer_start) for app_timer_start
    main.o(i.EPD_Init) refers to eink.o(i.EPD_HW_Init2) for EPD_HW_Init2
    main.o(i.EPD_Init) refers to eink.o(i.EPD_HW_Init3) for EPD_HW_Init3
    main.o(i.EPD_Init) refers to main.o(.data) for .data
    main.o(i.EPD_Init) refers to main.o(.constdata) for .constdata
    main.o(i.adcCallbackFunc) refers to nrfx_saadc.o(i.nrfx_saadc_buffer_convert) for nrfx_saadc_buffer_convert
    main.o(i.adcCallbackFunc) refers to app_error.o(i.app_error_handler_bare) for app_error_handler_bare
    main.o(i.adcCallbackFunc) refers to nrfx_saadc.o(i.nrfx_saadc_uninit) for nrfx_saadc_uninit
    main.o(i.adcCallbackFunc) refers to main.o(.data) for .data
    main.o(i.adc_timer_timeout_handler) refers to main.o(i.ADC_Init) for ADC_Init
    main.o(i.adc_timer_timeout_handler) refers to main.o(i.ADC_Read) for ADC_Read
    main.o(i.apptimer_create) refers to app_timer2.o(i.app_timer_create) for app_timer_create
    main.o(i.apptimer_create) refers to app_error.o(i.app_error_handler_bare) for app_error_handler_bare
    main.o(i.apptimer_create) refers to main.o(i.adc_timer_timeout_handler) for adc_timer_timeout_handler
    main.o(i.apptimer_create) refers to main.o(.constdata) for .constdata
    main.o(i.apptimer_create) refers to main.o(i.busy_timer_timeout_handler) for busy_timer_timeout_handler
    main.o(i.apptimer_create) refers to main.o(i.epd_rst_busy_timer_timeout_handler) for epd_rst_busy_timer_timeout_handler
    main.o(i.apptimer_create) refers to main.o(i.busy_N_timer_timeout_handler) for busy_N_timer_timeout_handler
    main.o(i.apptimer_create) refers to main.o(i.eink_poweroff_timer_timeout_handler) for eink_poweroff_timer_timeout_handler
    main.o(i.assert_nrf_callback) refers to app_error_handler_keil.o(.emb_text) for app_error_handler
    main.o(i.ble_evt_handler) refers to bsp.o(i.bsp_indication_set) for bsp_indication_set
    main.o(i.ble_evt_handler) refers to app_error.o(i.app_error_handler_bare) for app_error_handler_bare
    main.o(i.ble_evt_handler) refers to nrf_ble_qwr.o(i.nrf_ble_qwr_conn_handle_assign) for nrf_ble_qwr_conn_handle_assign
    main.o(i.ble_evt_handler) refers to main.o(.data) for .data
    main.o(i.ble_evt_handler) refers to main.o(.bss) for .bss
    main.o(i.bsp_event_handler) refers to bsp.o(i.bsp_indication_set) for bsp_indication_set
    main.o(i.bsp_event_handler) refers to app_error.o(i.app_error_handler_bare) for app_error_handler_bare
    main.o(i.bsp_event_handler) refers to bsp_btn_ble.o(i.bsp_btn_ble_sleep_mode_prepare) for bsp_btn_ble_sleep_mode_prepare
    main.o(i.bsp_event_handler) refers to ble_advertising.o(i.ble_advertising_restart_without_whitelist) for ble_advertising_restart_without_whitelist
    main.o(i.bsp_event_handler) refers to main.o(.data) for .data
    main.o(i.bsp_event_handler) refers to main.o(.bss) for .bss
    main.o(i.busy_N_timer_timeout_handler) refers to main.o(.data) for .data
    main.o(i.busy_timer_timeout_handler) refers to main.o(i.nrf_gpio_pin_read) for nrf_gpio_pin_read
    main.o(i.busy_timer_timeout_handler) refers to eink.o(i.SPI_unInit) for SPI_unInit
    main.o(i.busy_timer_timeout_handler) refers to app_timer2.o(i.app_timer_stop) for app_timer_stop
[...]
    PWM0_IRQHandler                          0x000263db   Thumb Code     0  arm_startup_nrf52.o(.text)
    PWM1_IRQHandler                          0x000263db   Thumb Code     0  arm_startup_nrf52.o(.text)
    PWM2_IRQHandler                          0x000263db   Thumb Code     0  arm_startup_nrf52.o(.text)
    QDEC_IRQHandler                          0x000263db   Thumb Code     0  arm_startup_nrf52.o(.text)
    RADIO_IRQHandler                         0x000263db   Thumb Code     0  arm_startup_nrf52.o(.text)
    RNG_IRQHandler                           0x000263db   Thumb Code     0  arm_startup_nrf52.o(.text)
    RTC0_IRQHandler                          0x000263db   Thumb Code     0  arm_startup_nrf52.o(.text)
    RTC2_IRQHandler                          0x000263db   Thumb Code     0  arm_startup_nrf52.o(.text)
    SPIM1_SPIS1_TWIM1_TWIS1_SPI1_TWI1_IRQHandler 0x000263db   Thumb Code     0  arm_startup_nrf52.o(.text)
    SWI0_EGU0_IRQHandler                     0x000263db   Thumb Code     0  arm_startup_nrf52.o(.text)
    SWI1_EGU1_IRQHandler                     0x000263db   Thumb Code     0  arm_startup_nrf52.o(.text)
    SWI3_EGU3_IRQHandler                     0x000263db   Thumb Code     0  arm_startup_nrf52.o(.text)
    SWI4_EGU4_IRQHandler                     0x000263db   Thumb Code     0  arm_startup_nrf52.o(.text)
    SWI5_EGU5_IRQHandler                     0x000263db   Thumb Code     0  arm_startup_nrf52.o(.text)
    TEMP_IRQHandler                          0x000263db   Thumb Code     0  arm_startup_nrf52.o(.text)
    TIMER0_IRQHandler                        0x000263db   Thumb Code     0  arm_startup_nrf52.o(.text)
    TIMER1_IRQHandler                        0x000263db   Thumb Code     0  arm_startup_nrf52.o(.text)
    TIMER2_IRQHandler                        0x000263db   Thumb Code     0  arm_startup_nrf52.o(.text)
    TIMER3_IRQHandler                        0x000263db   Thumb Code     0  arm_startup_nrf52.o(.text)
    TIMER4_IRQHandler                        0x000263db   Thumb Code     0  arm_startup_nrf52.o(.text)
    WDT_IRQHandler                           0x000263db   Thumb Code     0  arm_startup_nrf52.o(.text)
    __rt_ctype_table                         0x000263e5   Thumb Code     4  ctype_o.o(.text)
    ___aeabi_memcpy8$move                    0x000263ed   Thumb Code     0  memmovea.o(.text)
    __aeabi_memcpy                           0x000263ed   Thumb Code    64  memmovea.o(.text)
    __aeabi_memcpy4                          0x000263ed   Thumb Code     0  memmovea.o(.text)
    __aeabi_memmove                          0x000263ed   Thumb Code     0  memmovea.o(.text)
    __aeabi_memmove4                         0x000263ed   Thumb Code     0  memmovea.o(.text)
    __aeabi_memmove8                         0x000263ed   Thumb Code     0  memmovea.o(.text)
    __aeabi_memset                           0x0002642d   Thumb Code    14  memseta.o(.text)
    __aeabi_memset4                          0x0002642d   Thumb Code     0  memseta.o(.text)
    __aeabi_memset8                          0x0002642d   Thumb Code     0  memseta.o(.text)
    __aeabi_memclr                           0x0002643b   Thumb Code     4  memseta.o(.text)
    __aeabi_memclr4                          0x0002643b   Thumb Code     0  memseta.o(.text)
    __aeabi_memclr8                          0x0002643b   Thumb Code     0  memseta.o(.text)
    _memset$wrapper                          0x0002643f   Thumb Code    18  memseta.o(.text)
    strlen                                   0x00026451   Thumb Code    14  strlen.o(.text)
    __scatterload                            0x00026461   Thumb Code    28  init.o(.text)
    __scatterload_rt2                        0x00026461   Thumb Code     0  init.o(.text)
    __decompress                             0x00026485   Thumb Code     0  __dczerorl2.o(.text)
    __decompress1                            0x00026485   Thumb Code    86  __dczerorl2.o(.text)
    ADC_Init                                 0x000264dd   Thumb Code    56  main.o(i.ADC_Init)
    ADC_Read                                 0x00026525   Thumb Code    20  main.o(i.ADC_Read)
    COMP_LPCOMP_IRQHandler                   0x00026539   Thumb Code    44  nrfx_lpcomp.o(i.COMP_LPCOMP_IRQHandler)
    EPD_Dis_Part                             0x00026565   Thumb Code   168  eink.o(i.EPD_Dis_Part)
    EPD_HW_Init1                             0x0002660d   Thumb Code    30  eink.o(i.EPD_HW_Init1)
    EPD_HW_Init2                             0x0002662b   Thumb Code     6  eink.o(i.EPD_HW_Init2)
    EPD_HW_Init3                             0x00026631   Thumb Code   144  eink.o(i.EPD_HW_Init3)
    EPD_Part_Update                          0x00026739   Thumb Code    24  eink.o(i.EPD_Part_Update)
    EPD_SetRAMValue                          0x00026751   Thumb Code   102  eink.o(i.EPD_SetRAMValue)
    EPD_SetRAMValue_BaseMap                  0x000267b7   Thumb Code    64  eink.o(i.EPD_SetRAMValue_BaseMap)
    EPD_Update                               0x000267f7   Thumb Code    24  eink.o(i.EPD_Update)
    Epaper_Write_Command                     0x0002680f   Thumb Code    32  eink.o(i.Epaper_Write_Command)
    Epaper_Write_Data                        0x0002682f   Thumb Code    38  eink.o(i.Epaper_Write_Data)
    Epaper_Write_Datas                       0x00026855   Thumb Code    42  eink.o(i.Epaper_Write_Datas)
    FRAM_SPI2_Init                           0x00026881   Thumb Code    76  fram.o(i.FRAM_SPI2_Init)
    FRAM_SPI2_unInit                         0x000268d5   Thumb Code    28  fram.o(i.FRAM_SPI2_unInit)
    Find_Display_IMG                         0x000268f9   Thumb Code    34  fram.o(i.Find_Display_IMG)
    Find_fram_chapter_num                    0x0002691b   Thumb Code    18  fram.o(i.Find_fram_chapter_num)
    Find_fram_game_num                       0x0002692d   Thumb Code    18  fram.o(i.Find_fram_game_num)
    GEN_MAP_PIC                              0x00026941   Thumb Code   320  sokoban.o(i.GEN_MAP_PIC)
    GEN_MENU_PIC                             0x00026aa5   Thumb Code   298  menu.o(i.GEN_MENU_PIC)
    GEN_NEXT_MENU_PIC                        0x00026c25   Thumb Code    70  menu.o(i.GEN_NEXT_MENU_PIC)
    GEN_NEXT_PIC                             0x00026c71   Thumb Code   134  sokoban.o(i.GEN_NEXT_PIC)
    GPIOTE_IRQHandler                        0x00026d01   Thumb Code   346  nrfx_gpiote.o(i.GPIOTE_IRQHandler)
    MAP_INIT                                 0x00026e65   Thumb Code    26  sokoban.o(i.MAP_INIT)
    MENU_INIT                                0x00026e85   Thumb Code    14  menu.o(i.MENU_INIT)
    POWER_CLOCK_IRQHandler                   0x00026e99   Thumb Code    82  nrfx_clock.o(i.POWER_CLOCK_IRQHandler)
    Paint_Clear                              0x00026ef1   Thumb Code   106  gui_paint.o(i.Paint_Clear)
    Paint_DrawChar                           0x00026f61   Thumb Code   168  gui_paint.o(i.Paint_DrawChar)
    Paint_DrawNum                            0x0002700d   Thumb Code   144  gui_paint.o(i.Paint_DrawNum)
    Paint_DrawPic                            0x000270a5   Thumb Code   134  gui_paint.o(i.Paint_DrawPic)
    Paint_DrawString_EN                      0x00027131   Thumb Code   108  gui_paint.o(i.Paint_DrawString_EN)
    Paint_NewImage                           0x000271a1   Thumb Code    54  gui_paint.o(i.Paint_NewImage)
    Paint_SelectImage                        0x000271dd   Thumb Code     6  gui_paint.o(i.Paint_SelectImage)
    Paint_SetPixel                           0x000271e9   Thumb Code   228  gui_paint.o(i.Paint_SetPixel)
    RTC1_IRQHandler                          0x000272d1   Thumb Code    12  drv_rtc.o(i.RTC1_IRQHandler)
    SAADC_IRQHandler                         0x000272e1   Thumb Code   320  nrfx_saadc.o(i.SAADC_IRQHandler)
    SEGGER_RTT_WriteNoLock                   0x00027429   Thumb Code    86  segger_rtt.o(i.SEGGER_RTT_WriteNoLock)
    SPI2_Read_bytes                          0x00027485   Thumb Code   106  fram.o(i.SPI2_Read_bytes)
    SPI2_Write_bytes                         0x00027501   Thumb Code    84  fram.o(i.SPI2_Write_bytes)
    SPI2_Write_enable                        0x00027569   Thumb Code    58  fram.o(i.SPI2_Write_enable)
    SPIM0_SPIS0_TWIM0_TWIS0_SPI0_TWI0_IRQHandler 0x000275b9   Thumb Code     8  nrfx_spim.o(i.SPIM0_SPIS0_TWIM0_TWIS0_SPI0_TWI0_IRQHandler)
    SPIM2_SPIS2_SPI2_IRQHandler              0x000275c9   Thumb Code     8  nrfx_spim.o(i.SPIM2_SPIS2_SPI2_IRQHandler)
    SPI_EP_Init                              0x000275d9   Thumb Code   116  eink.o(i.SPI_EP_Init)
    SPI_EP_unInit                            0x00027655   Thumb Code     4  eink.o(i.SPI_EP_unInit)
    SPI_Write                                0x00027659   Thumb Code    60  eink.o(i.SPI_Write)
    SPI_Write_bytes                          0x000276a1   Thumb Code    54  eink.o(i.SPI_Write_bytes)
    SPI_unInit                               0x000276e5   Thumb Code    48  eink.o(i.SPI_unInit)
    SWI2_EGU2_IRQHandler                     0x00027719   Thumb Code     4  nrf_sdh.o(i.SWI2_EGU2_IRQHandler)
    SystemInit                               0x0002771d   Thumb Code   726  system_nrf52.o(i.SystemInit)
    UARTE0_UART0_IRQHandler                  0x00027a39   Thumb Code     6  nrfx_prs.o(i.UARTE0_UART0_IRQHandler)
    UPDATE_MAP_PIC                           0x00027a45   Thumb Code   320  sokoban.o(i.UPDATE_MAP_PIC)
    UPDATE_MENU_PIC                          0x00027bad   Thumb Code   292  menu.o(i.UPDATE_MENU_PIC)
    Update_Display_IMG                       0x00027d25   Thumb Code    38  fram.o(i.Update_Display_IMG)
    Update_fram_chapter_num                  0x00027d4b   Thumb Code    18  fram.o(i.Update_fram_chapter_num)
    Update_fram_game_num                     0x00027d5d   Thumb Code    18  fram.o(i.Update_fram_game_num)
    __scatterload_copy                       0x00027e21   Thumb Code    14  handlers.o(i.__scatterload_copy)
    __scatterload_null                       0x00027e2f   Thumb Code     2  handlers.o(i.__scatterload_null)
    __scatterload_zeroinit                   0x00027e31   Thumb Code    14  handlers.o(i.__scatterload_zeroinit)
    app_error_fault_handler                  0x00027f35   Thumb Code    86  app_error_weak.o(i.app_error_fault_handler)
    app_error_handler_bare                   0x00027fb9   Thumb Code    22  app_error.o(i.app_error_handler_bare)
    app_timer_cnt_get                        0x00027fd1   Thumb Code     6  app_timer2.o(i.app_timer_cnt_get)
    app_timer_create                         0x00027fdd   Thumb Code    22  app_timer2.o(i.app_timer_create)
    app_timer_init                           0x00027ff5   Thumb Code    70  app_timer2.o(i.app_timer_init)
    app_timer_start                          0x00028051   Thumb Code    48  app_timer2.o(i.app_timer_start)
    app_timer_stop                           0x00028081   Thumb Code    12  app_timer2.o(i.app_timer_stop)
    app_util_critical_region_enter           0x0002808d   Thumb Code    64  app_util_platform.o(i.app_util_critical_region_enter)
    app_util_critical_region_exit            0x000280d5   Thumb Code    46  app_util_platform.o(i.app_util_critical_region_exit)
    blcm_link_ctx_get                        0x00028185   Thumb Code    72  ble_link_ctx_manager.o(i.blcm_link_ctx_get)
    ble_advdata_encode                       0x000281cd   Thumb Code   386  ble_advdata.o(i.ble_advdata_encode)
    ble_advdata_parse                        0x0002834f   Thumb Code    32  ble_advdata.o(i.ble_advdata_parse)
    ble_advdata_search                       0x0002836f   Thumb Code    64  ble_advdata.o(i.ble_advdata_search)
    ble_advertising_conn_cfg_tag_set         0x000283af   Thumb Code     6  ble_advertising.o(i.ble_advertising_conn_cfg_tag_set)
    ble_advertising_init                     0x000283b5   Thumb Code   248  ble_advertising.o(i.ble_advertising_init)
    ble_advertising_on_ble_evt               0x000284ad   Thumb Code   106  ble_advertising.o(i.ble_advertising_on_ble_evt)
    ble_advertising_start                    0x00028517   Thumb Code   560  ble_advertising.o(i.ble_advertising_start)
    ble_conn_params_init                     0x00028749   Thumb Code    90  ble_conn_params.o(i.ble_conn_params_init)
    ble_conn_state_conn_idx                  0x000287b1   Thumb Code    18  ble_conn_state.o(i.ble_conn_state_conn_idx)
    ble_conn_state_valid                     0x000287c5   Thumb Code    16  ble_conn_state.o(i.ble_conn_state_valid)
    ble_nus_init                             0x00028b61   Thumb Code   206  ble_nus.o(i.ble_nus_init)
    ble_nus_on_ble_evt                       0x00028c35   Thumb Code   112  ble_nus.o(i.ble_nus_on_ble_evt)
    ble_srv_is_notification_enabled          0x00028ca5   Thumb Code     8  ble_srv_common.o(i.ble_srv_is_notification_enabled)
    bsp_event_to_button_action_assign        0x00028cad   Thumb Code    64  bsp.o(i.bsp_event_to_button_action_assign)
    bsp_indication_set                       0x00028cf1   Thumb Code     4  bsp.o(i.bsp_indication_set)
    buffer_is_empty                          0x00028db5   Thumb Code    16  nrf_log_frontend.o(i.buffer_is_empty)
    characteristic_add                       0x00028e2d   Thumb Code   400  ble_srv_common.o(i.characteristic_add)
    conn_handle_list_get                     0x00029019   Thumb Code    62  ble_conn_state.o(i.conn_handle_list_get)
    drv_rtc_compare_disable                  0x0002928d   Thumb Code    20  drv_rtc.o(i.drv_rtc_compare_disable)
    drv_rtc_compare_pending                  0x000292a1   Thumb Code    14  drv_rtc.o(i.drv_rtc_compare_pending)
    drv_rtc_compare_set                      0x000292af   Thumb Code    80  drv_rtc.o(i.drv_rtc_compare_set)
    drv_rtc_counter_get                      0x000292ff   Thumb Code     8  drv_rtc.o(i.drv_rtc_counter_get)
    drv_rtc_init                             0x00029309   Thumb Code   144  drv_rtc.o(i.drv_rtc_init)
    drv_rtc_irq_trigger                      0x000293dd   Thumb Code    26  drv_rtc.o(i.drv_rtc_irq_trigger)
    drv_rtc_overflow_enable                  0x000293f7   Thumb Code     8  drv_rtc.o(i.drv_rtc_overflow_enable)
    drv_rtc_overflow_pending                 0x000293ff   Thumb Code     8  drv_rtc.o(i.drv_rtc_overflow_pending)
    drv_rtc_start                            0x00029407   Thumb Code     8  drv_rtc.o(i.drv_rtc_start)
    drv_rtc_stop                             0x0002940f   Thumb Code     8  drv_rtc.o(i.drv_rtc_stop)
    drv_rtc_windowed_compare_set             0x00029417   Thumb Code   222  drv_rtc.o(i.drv_rtc_windowed_compare_set)
    free                                     0x00029685   Thumb Code    76  malloc.o(i.free)
    gatt_evt_handler                         0x000296dd   Thumb Code    28  main.o(i.gatt_evt_handler)
    gatt_init                                0x000296fd   Thumb Code    38  main.o(i.gatt_init)
    load_menu_data_from_fram                 0x00029c49   Thumb Code    12  fram.o(i.load_menu_data_from_fram)
    load_sokuban_data_from_fram              0x00029c55   Thumb Code    12  fram.o(i.load_sokuban_data_from_fram)
    main                                     0x00029d45   Thumb Code   466  main.o(i.main)
    malloc                                   0x00029f55   Thumb Code    92  malloc.o(i.malloc)
    menu_move_down                           0x0002a0a5   Thumb Code    68  menu.o(i.menu_move_down)
    menu_move_up                             0x0002a0ed   Thumb Code    70  menu.o(i.menu_move_up)
    move_down                                0x0002a169   Thumb Code   466  sokoban.o(i.move_down)
    move_left                                0x0002a341   Thumb Code   526  sokoban.o(i.move_left)
    move_right                               0x0002a555   Thumb Code   522  sokoban.o(i.move_right)
    move_up                                  0x0002a765   Thumb Code   476  sokoban.o(i.move_up)
    nrf_atfifo_init                          0x0002a9eb   Thumb Code    38  nrf_atfifo.o(i.nrf_atfifo_init)
    nrf_atfifo_item_alloc                    0x0002aa11   Thumb Code    22  nrf_atfifo.o(i.nrf_atfifo_item_alloc)
    nrf_atfifo_item_free                     0x0002aa27   Thumb Code    22  nrf_atfifo.o(i.nrf_atfifo_item_free)
    nrf_atfifo_item_get                      0x0002aa3d   Thumb Code    22  nrf_atfifo.o(i.nrf_atfifo_item_get)
    nrf_atfifo_item_put                      0x0002aa53   Thumb Code    22  nrf_atfifo.o(i.nrf_atfifo_item_put)
    nrf_atflags_clear                        0x0002aa69   Thumb Code    22  nrf_atflags.o(i.nrf_atflags_clear)
    nrf_atflags_get                          0x0002aa7f   Thumb Code    22  nrf_atflags.o(i.nrf_atflags_get)
    nrf_atflags_set                          0x0002aa95   Thumb Code    20  nrf_atflags.o(i.nrf_atflags_set)
    nrf_atomic_flag_clear_fetch              0x0002aaa9   Thumb Code     6  nrf_atomic.o(i.nrf_atomic_flag_clear_fetch)
    nrf_atomic_flag_set                      0x0002aaaf   Thumb Code     6  nrf_atomic.o(i.nrf_atomic_flag_set)
    nrf_atomic_u32_add                       0x0002aab5   Thumb Code    12  nrf_atomic.o(i.nrf_atomic_u32_add)
    nrf_atomic_u32_and                       0x0002aac1   Thumb Code    12  nrf_atomic.o(i.nrf_atomic_u32_and)
    nrf_atomic_u32_fetch_and                 0x0002aacd   Thumb Code    10  nrf_atomic.o(i.nrf_atomic_u32_fetch_and)
    nrf_atomic_u32_fetch_store               0x0002aad7   Thumb Code    10  nrf_atomic.o(i.nrf_atomic_u32_fetch_store)
    nrf_atomic_u32_or                        0x0002aae1   Thumb Code    12  nrf_atomic.o(i.nrf_atomic_u32_or)
    nrf_atomic_u32_sub                       0x0002aaed   Thumb Code    12  nrf_atomic.o(i.nrf_atomic_u32_sub)
    nrf_balloc_alloc                         0x0002aaf9   Thumb Code    68  nrf_balloc.o(i.nrf_balloc_alloc)
    nrf_balloc_free                          0x0002ab3d   Thumb Code    48  nrf_balloc.o(i.nrf_balloc_free)
    nrf_ble_gatt_att_mtu_periph_set          0x0002ab91   Thumb Code    24  nrf_ble_gatt.o(i.nrf_ble_gatt_att_mtu_periph_set)
    nrf_ble_gatt_init                        0x0002aba9   Thumb Code    34  nrf_ble_gatt.o(i.nrf_ble_gatt_init)
    nrf_ble_gatt_on_ble_evt                  0x0002abcd   Thumb Code   270  nrf_ble_gatt.o(i.nrf_ble_gatt_on_ble_evt)
    nrf_ble_qwr_conn_handle_assign           0x0002ad1d   Thumb Code    22  nrf_ble_qwr.o(i.nrf_ble_qwr_conn_handle_assign)
    nrf_ble_qwr_init                         0x0002ad33   Thumb Code    36  nrf_ble_qwr.o(i.nrf_ble_qwr_init)
    nrf_ble_qwr_on_ble_evt                   0x0002ad57   Thumb Code   182  nrf_ble_qwr.o(i.nrf_ble_qwr_on_ble_evt)
    nrf_drv_clock_init                       0x0002ae4d   Thumb Code    48  nrf_drv_clock.o(i.nrf_drv_clock_init)
    nrf_drv_clock_lfclk_release              0x0002ae85   Thumb Code    42  nrf_drv_clock.o(i.nrf_drv_clock_lfclk_release)
    nrf_fprintf                              0x0002aeb5   Thumb Code    26  nrf_fprintf.o(i.nrf_fprintf)
    nrf_fprintf_buffer_flush                 0x0002aecf   Thumb Code    24  nrf_fprintf.o(i.nrf_fprintf_buffer_flush)
    nrf_fprintf_fmt                          0x0002aee7   Thumb Code   474  nrf_fprintf_format.o(i.nrf_fprintf_fmt)
    nrf_fstorage_erase                       0x0002b0c1   Thumb Code   188  nrf_fstorage.o(i.nrf_fstorage_erase)
    nrf_fstorage_sdh_req_handler             0x0002b1f9   Thumb Code    18  nrf_fstorage_sd.o(i.nrf_fstorage_sdh_req_handler)
    nrf_fstorage_sdh_state_handler           0x0002b211   Thumb Code    28  nrf_fstorage_sd.o(i.nrf_fstorage_sdh_state_handler)
    nrf_fstorage_sys_evt_handler             0x0002b231   Thumb Code   154  nrf_fstorage_sd.o(i.nrf_fstorage_sys_evt_handler)
    nrf_fstorage_write                       0x0002b2d5   Thumb Code   242  nrf_fstorage.o(i.nrf_fstorage_write)
    nrf_log_backend_serial_put               0x0002b661   Thumb Code   200  nrf_log_backend_serial.o(i.nrf_log_backend_serial_put)
    nrf_log_color_id_get                     0x0002b729   Thumb Code    42  nrf_log_frontend.o(i.nrf_log_color_id_get)
    nrf_log_frontend_dequeue                 0x0002b759   Thumb Code   528  nrf_log_frontend.o(i.nrf_log_frontend_dequeue)
    nrf_log_frontend_std_0                   0x0002b98d   Thumb Code     8  nrf_log_frontend.o(i.nrf_log_frontend_std_0)
    nrf_log_frontend_std_1                   0x0002b995   Thumb Code    14  nrf_log_frontend.o(i.nrf_log_frontend_std_1)
    nrf_log_frontend_std_2                   0x0002b9a3   Thumb Code    16  nrf_log_frontend.o(i.nrf_log_frontend_std_2)
    nrf_log_frontend_std_3                   0x0002b9b3   Thumb Code    18  nrf_log_frontend.o(i.nrf_log_frontend_std_3)
    nrf_log_hexdump_entry_process            0x0002b9c5   Thumb Code   150  nrf_log_str_formatter.o(i.nrf_log_hexdump_entry_process)
    nrf_log_module_cnt_get                   0x0002ba75   Thumb Code    10  nrf_log_frontend.o(i.nrf_log_module_cnt_get)
    nrf_log_module_name_get                  0x0002ba89   Thumb Code    24  nrf_log_frontend.o(i.nrf_log_module_name_get)
    nrf_log_panic                            0x0002baa5   Thumb Code    38  nrf_log_frontend.o(i.nrf_log_panic)
    nrf_log_std_entry_process                0x0002bad1   Thumb Code   182  nrf_log_str_formatter.o(i.nrf_log_std_entry_process)
    nrf_memobj_alloc                         0x0002bb87   Thumb Code    96  nrf_memobj.o(i.nrf_memobj_alloc)
    nrf_memobj_free                          0x0002bbe7   Thumb Code    50  nrf_memobj.o(i.nrf_memobj_free)
    nrf_memobj_get                           0x0002bc19   Thumb Code     8  nrf_memobj.o(i.nrf_memobj_get)
    nrf_memobj_put                           0x0002bc21   Thumb Code    30  nrf_memobj.o(i.nrf_memobj_put)
    nrf_memobj_read                          0x0002bc3f   Thumb Code    16  nrf_memobj.o(i.nrf_memobj_read)
    nrf_memobj_write                         0x0002bc4f   Thumb Code    16  nrf_memobj.o(i.nrf_memobj_write)
    nrf_pwr_mgmt_init                        0x0002bc61   Thumb Code    28  nrf_pwr_mgmt.o(i.nrf_pwr_mgmt_init)
    nrf_pwr_mgmt_run                         0x0002bc89   Thumb Code    64  nrf_pwr_mgmt.o(i.nrf_pwr_mgmt_run)
    nrf_sdh_ble_app_ram_start_get            0x0002bd35   Thumb Code    16  nrf_sdh_ble.o(i.nrf_sdh_ble_app_ram_start_get)
    nrf_sdh_ble_default_cfg_set              0x0002bd49   Thumb Code   272  nrf_sdh_ble.o(i.nrf_sdh_ble_default_cfg_set)
    nrf_sdh_ble_enable                       0x0002be79   Thumb Code   116  nrf_sdh_ble.o(i.nrf_sdh_ble_enable)
    nrf_sdh_disable_request                  0x0002c009   Thumb Code    80  nrf_sdh.o(i.nrf_sdh_disable_request)
    nrf_sdh_enable_request                   0x0002c05d   Thumb Code   102  nrf_sdh.o(i.nrf_sdh_enable_request)
    nrf_sdh_evts_poll                        0x0002c0d1   Thumb Code    32  nrf_sdh.o(i.nrf_sdh_evts_poll)
    nrf_sdh_is_enabled                       0x0002c0f5   Thumb Code     6  nrf_sdh.o(i.nrf_sdh_is_enabled)
    nrf_sdh_request_continue                 0x0002c101   Thumb Code    22  nrf_sdh.o(i.nrf_sdh_request_continue)
    nrf_section_iter_init                    0x0002c159   Thumb Code    10  nrf_section_iter.o(i.nrf_section_iter_init)
    nrf_section_iter_next                    0x0002c187   Thumb Code    32  nrf_section_iter.o(i.nrf_section_iter_next)
    nrf_sortlist_add                         0x0002c1a7   Thumb Code    34  nrf_sortlist.o(i.nrf_sortlist_add)
    nrf_sortlist_peek                        0x0002c1c9   Thumb Code     6  nrf_sortlist.o(i.nrf_sortlist_peek)
    nrf_sortlist_pop                         0x0002c1cf   Thumb Code    14  nrf_sortlist.o(i.nrf_sortlist_pop)
    nrf_sortlist_remove                      0x0002c1dd   Thumb Code    30  nrf_sortlist.o(i.nrf_sortlist_remove)
    nrf_strerror_find                        0x0002c205   Thumb Code    52  nrf_strerror.o(i.nrf_strerror_find)
    nrf_strerror_get                         0x0002c23d   Thumb Code    14  nrf_strerror.o(i.nrf_strerror_get)
    nrfx_clock_enable                        0x0002c251   Thumb Code    34  nrfx_clock.o(i.nrfx_clock_enable)
    nrfx_clock_init                          0x0002c27d   Thumb Code    26  nrfx_clock.o(i.nrfx_clock_init)
    nrfx_clock_lfclk_stop                    0x0002c29d   Thumb Code    20  nrfx_clock.o(i.nrfx_clock_lfclk_stop)
    nrfx_lpcomp_disable                      0x0002c2e9   Thumb Code    18  nrfx_lpcomp.o(i.nrfx_lpcomp_disable)
    nrfx_lpcomp_enable                       0x0002c309   Thumb Code    36  nrfx_lpcomp.o(i.nrfx_lpcomp_enable)
    nrfx_lpcomp_init                         0x0002c339   Thumb Code   204  nrfx_lpcomp.o(i.nrfx_lpcomp_init)
    nrfx_prs_acquire                         0x0002c419   Thumb Code    58  nrfx_prs.o(i.nrfx_prs_acquire)
    nrfx_prs_release                         0x0002c453   Thumb Code    18  nrfx_prs.o(i.nrfx_prs_release)
    nrfx_saadc_buffer_convert                0x0002c465   Thumb Code   154  nrfx_saadc.o(i.nrfx_saadc_buffer_convert)
    nrfx_saadc_channel_init                  0x0002c509   Thumb Code   160  nrfx_saadc.o(i.nrfx_saadc_channel_init)
    nrfx_saadc_channel_uninit                0x0002c5b5   Thumb Code    62  nrfx_saadc.o(i.nrfx_saadc_channel_uninit)
    nrfx_saadc_init                          0x0002c5f9   Thumb Code   130  nrfx_saadc.o(i.nrfx_saadc_init)
    nrfx_saadc_limits_set                    0x0002c68d   Thumb Code   120  nrfx_saadc.o(i.nrfx_saadc_limits_set)
    nrfx_saadc_sample                        0x0002c70d   Thumb Code    34  nrfx_saadc.o(i.nrfx_saadc_sample)
    nrfx_saadc_uninit                        0x0002c739   Thumb Code    94  nrfx_saadc.o(i.nrfx_saadc_uninit)
    nrfx_spim_init                           0x0002c7a5   Thumb Code   362  nrfx_spim.o(i.nrfx_spim_init)
    nrfx_spim_uninit                         0x0002c919   Thumb Code   126  nrfx_spim.o(i.nrfx_spim_uninit)
    nrfx_spim_xfer                           0x0002c9a1   Thumb Code    94  nrfx_spim.o(i.nrfx_spim_xfer)
    spi2_event_handler                       0x0002d4e5   Thumb Code     8  fram.o(i.spi2_event_handler)
    spi_event_handler                        0x0002d4f1   Thumb Code     8  eink.o(i.spi_event_handler)
    store_menu_data_to_fram                  0x0002d6c9   Thumb Code    26  fram.o(i.store_menu_data_to_fram)
    store_sokuban_data_to_fram               0x0002d6e3   Thumb Code    26  fram.o(i.store_sokuban_data_to_fram)
    gImage_white_full                        0x0002de04   Data        5000  main.o(.constdata)
    lut_w1                                   0x0002f1c0   Data          42  eink.o(.constdata)
    lut_b1                                   0x0002f1ea   Data          42  eink.o(.constdata)
    lut_w                                    0x0002f214   Data          42  eink.o(.constdata)
    lut_b                                    0x0002f23e   Data          42  eink.o(.constdata)
    gImage_wall                              0x0002f278   Data          60  sokoban.o(.constdata)
    gImage_player                            0x0002f2b4   Data          60  sokoban.o(.constdata)
    gImage_box                               0x0002f2f0   Data          60  sokoban.o(.constdata)
    gImage_box_over_point                    0x0002f32c   Data          60  sokoban.o(.constdata)
    gImage_point                             0x0002f368   Data          60  sokoban.o(.constdata)
    gImage_player_over_point                 0x0002f3a4   Data          60  sokoban.o(.constdata)
    gImage_none                              0x0002f3e0   Data          60  sokoban.o(.constdata)
    Font16_Table                             0x0002f434   Data        3040  font16.o(.constdata)
    nrf_log_backend_rtt_api                  0x00030270   Data          12  nrf_log_backend_rtt.o(.constdata)
    m_ram_start                              0x00030300   Data           4  nrf_sdh_ble.o(.constdata)
    __ctype_table                            0x0003032c   Data         129  ctype_o.o(.constdata)
    Region$$Table$$Base                      0x00030b9c   Number         0  anon$$obj.o(Region$$Table)
    Region$$Table$$Limit                     0x00030bbc   Number         0  anon$$obj.o(Region$$Table)
    log_const_data$$Base                     0x00030bcc   Number         0  nrf_ble_gatt.o(log_const_data)
    m_nrf_log_nrf_ble_gatt_logs_data_const   0x00030bcc   Data           8  nrf_ble_gatt.o(log_const_data)
    m_nrf_log_ble_nus_logs_data_const        0x00030bd4   Data           8  ble_nus.o(log_const_data)
    m_nrf_log_clock_logs_data_const          0x00030bdc   Data           8  nrf_drv_clock.o(log_const_data)
    m_nrf_log_CLOCK_logs_data_const          0x00030be4   Data           8  nrfx_clock.o(log_const_data)
    m_nrf_log_GPIOTE_logs_data_const         0x00030bec   Data           8  nrfx_gpiote.o(log_const_data)
    m_nrf_log_PRS_logs_data_const            0x00030bf4   Data           8  nrfx_prs.o(log_const_data)
    m_nrf_log_UART_logs_data_const           0x00030bfc   Data           8  nrfx_uart.o(log_const_data)
    m_nrf_log_UARTE_logs_data_const          0x00030c04   Data           8  nrfx_uarte.o(log_const_data)
    m_nrf_log_SPIM_logs_data_const           0x00030c0c   Data           8  nrfx_spim.o(log_const_data)
    m_nrf_log_SAADC_logs_data_const          0x00030c14   Data           8  nrfx_saadc.o(log_const_data)
    m_nrf_log_LPCOMP_logs_data_const         0x00030c1c   Data           8  nrfx_lpcomp.o(log_const_data)
    m_nrf_log_app_button_logs_data_const     0x00030c24   Data           8  app_button.o(log_const_data)
    m_nrf_log_app_timer_logs_data_const      0x00030c2c   Data           8  app_timer2.o(log_const_data)
    m_nrf_log_pwr_mgmt_logs_data_const       0x00030c34   Data           8  nrf_pwr_mgmt.o(log_const_data)
    m_nrf_log_sortlist_logs_data_const       0x00030c3c   Data           8  nrf_sortlist.o(log_const_data)
    m_nrf_log_nrf_fstorage_logs_data_const   0x00030c44   Data           8  nrf_fstorage.o(log_const_data)
    m_nrf_log_app_logs_data_const            0x00030c4c   Data           8  nrf_log_frontend.o(log_const_data)
    m_nrf_log_nrf_sdh_logs_data_const        0x00030c54   Data           8  nrf_sdh.o(log_const_data)
    m_nrf_log_nrf_sdh_ble_logs_data_const    0x00030c5c   Data           8  nrf_sdh_ble.o(log_const_data)
    m_nrf_log_nrf_sdh_soc_logs_data_const    0x00030c64   Data           8  nrf_sdh_soc.o(log_const_data)
    log_const_data$$Limit                    0x00030c6c   Number         0  nrf_sdh_soc.o(log_const_data)
    log_mempool                              0x00030c6c   Data          20  nrf_log_frontend.o(nrf_balloc)
    sdh_ble_observers0$$Base                 0x00030c80   Number         0  ble_conn_state.o(sdh_ble_observers0)
    sdh_ble_observers0$$Limit                0x00030c88   Number         0  ble_conn_state.o(sdh_ble_observers0)
    sdh_ble_observers1$$Base                 0x00030c88   Number         0  main.o(sdh_ble_observers1)
    sdh_ble_observers1$$Limit                0x00030ca8   Number         0  ble_conn_params.o(sdh_ble_observers1)
    sdh_ble_observers2$$Base                 0x00030ca8   Number         0  main.o(sdh_ble_observers2)
    sdh_ble_observers2$$Limit                0x00030cb8   Number         0  main.o(sdh_ble_observers2)
    sdh_ble_observers3$$Base                 0x00030cb8   Number         0  main.o(sdh_ble_observers3)
    m_req_obs                                0x00030cc0   Data           8  nrf_fstorage_sd.o(sdh_req_observers0)
    sdh_ble_observers3$$Limit                0x00030cc0   Number         0  main.o(sdh_ble_observers3)
    sdh_req_observers0$$Base                 0x00030cc0   Number         0  nrf_fstorage_sd.o(sdh_req_observers0)
    sdh_req_observers0$$Limit                0x00030cc8   Number         0  nrf_fstorage_sd.o(sdh_req_observers0)
    sdh_soc_observers0$$Base                 0x00030cc8   Number         0  nrf_drv_clock.o(sdh_soc_observers0)
    sdh_soc_observers0$$Limit                0x00030cd8   Number         0  nrf_fstorage_sd.o(sdh_soc_observers0)
    sdh_stack_observers0$$Base               0x00030cd8   Number         0  nrf_sdh_ble.o(sdh_stack_observers0)
    sdh_stack_observers0$$Limit              0x00030ce8   Number         0  nrf_sdh_soc.o(sdh_stack_observers0)
    sdh_state_observers0$$Base               0x00030ce8   Number         0  nrf_drv_clock.o(sdh_state_observers0)
    sdh_state_observers0$$Limit              0x00030cf8   Number         0  nrf_fstorage_sd.o(sdh_state_observers0)
    Image$$RW_IRAM1$$Base                    0x20002ad8   Number         0  anon$$obj.o ABSOLUTE
    PART_DISPLAY_Image                       0x20002b0c   Data           4  main.o(.data)
    PART_Image                               0x20002b10   Data           4  main.o(.data)
    i                                        0x20002b14   Data           4  main.o(.data)
    Map_Image                                0x20002b20   Data           4  main.o(.data)
    eink_update                              0x20002b44   Data           1  eink.o(.data)
    x_start                                  0x20002b48   Data           1  sokoban.o(.data)
    y_start                                  0x20002b49   Data           1  sokoban.o(.data)
    map                                      0x20002b4c   Data           8  sokoban.o(.data)
    chapter_array                            0x20002b54   Data         243  sokoban.o(.data)
    next_menu                                0x20002c48   Data           4  menu.o(.data)
    menu                                     0x20002c4c   Data           8  menu.o(.data)
    menu_array                               0x20002c54   Data          12  menu.o(.data)
    Font16                                   0x20002c64   Data           8  font16.o(.data)
    SystemCoreClock                          0x20002d68   Data           4  system_nrf52.o(.data)
    __microlib_freelist                      0x20002d6c   Data           4  mvars.o(.data)
    __microlib_freelist_initialised          0x20002d70   Data           4  mvars.o(.data)
    fs_data$$Base                            0x20002d74   Number         0  fds.o(fs_data)
    m_fs                                     0x20002d74   Data          20  fds.o(fs_data)
    fs_data$$Limit                           0x20002d88   Number         0  fds.o(fs_data)
    Paint                                    0x20005b80   Data          24  gui_paint.o(.bss)
    next_map                                 0x20005da8   Data          81  sokoban.o(.bss)
    nrf_nvic_state                           0x20008764   Data          12  app_util_platform.o(.bss)
    _SEGGER_RTT                              0x20008f14   Data         120  segger_rtt.o(.bss)
    __heap_base                              0x200091a0   Data           0  arm_startup_nrf52.o(HEAP)
    __heap_limit                             0x2000b1a0   Data           0  arm_startup_nrf52.o(HEAP)
    __initial_sp                             0x2000d1a0   Data           0  arm_startup_nrf52.o(STACK)



==============================================================================

Memory Map of the image

  Image Entry point : 0x00026201

  Load Region LR_IROM1 (Base: 0x00026000, Size: 0x0000afa8, Max: 0x0005a000, ABSOLUTE, COMPRESSED[0x0000add0])

    Execution Region ER_IROM1 (Base: 0x00026000, Size: 0x0000acf8, Max: 0x0005a000, ABSOLUTE)

    Base Addr    Size         Type   Attr      Idx    E Section Name        Object

    0x00026000   0x00000200   Data   RO         7428    RESET               arm_startup_nrf52.o
    0x00026200   0x00000000   Code   RO         7469  * .ARM.Collect$$$$00000000  mc_w.l(entry.o)
    0x00026200   0x00000004   Code   RO         7552    .ARM.Collect$$$$00000001  mc_w.l(entry2.o)
    0x00026204   0x00000004   Code   RO         7555    .ARM.Collect$$$$00000004  mc_w.l(entry5.o)
    0x00026208   0x00000000   Code   RO         7557    .ARM.Collect$$$$00000008  mc_w.l(entry7b.o)
    0x00026208   0x00000000   Code   RO         7559    .ARM.Collect$$$$0000000A  mc_w.l(entry8b.o)
    0x00026208   0x00000008   Code   RO         7560    .ARM.Collect$$$$0000000B  mc_w.l(entry9a.o)
    0x00026210   0x00000000   Code   RO         7562    .ARM.Collect$$$$0000000D  mc_w.l(entry10a.o)
    0x00026210   0x00000000   Code   RO         7564    .ARM.Collect$$$$0000000F  mc_w.l(entry11a.o)
    0x00026210   0x00000004   Code   RO         7553    .ARM.Collect$$$$00002712  mc_w.l(entry2.o)
    0x00026214   0x000000c8   Code   RO         5224    .emb_text           nrf_atfifo.o
    0x000262dc   0x000000e2   Code   RO         5360    .emb_text           nrf_atomic.o
    0x000263be   0x00000002   PAD
    0x000263c0   0x00000024   Code   RO         7429    .text               arm_startup_nrf52.o
    0x000263e4   0x00000008   Code   RO         7476    .text               mc_w.l(ctype_o.o)
    0x000263ec   0x00000040   Code   RO         7508    .text               mc_w.l(memmovea.o)
    0x0002642c   0x00000024   Code   RO         7510    .text               mc_w.l(memseta.o)
    0x00026450   0x0000000e   Code   RO         7514    .text               mc_w.l(strlen.o)
    0x0002645e   0x00000002   PAD
    0x00026460   0x00000024   Code   RO         7570    .text               mc_w.l(init.o)
    0x00026484   0x00000056   Code   RO         7580    .text               mc_w.l(__dczerorl2.o)
    0x000264da   0x00000002   PAD
    0x000264dc   0x00000048   Code   RO            6    i.ADC_Init          main.o
    0x00026524   0x00000014   Code   RO            7    i.ADC_Read          main.o
    0x00026538   0x0000002c   Code   RO         4315    i.COMP_LPCOMP_IRQHandler  nrfx_lpcomp.o
    0x00026564   0x000000a8   Code   RO          786    i.EPD_Dis_Part      eink.o
    0x0002660c   0x0000001e   Code   RO          791    i.EPD_HW_Init1      eink.o
    0x0002662a   0x00000006   Code   RO          792    i.EPD_HW_Init2      eink.o
    0x00026630   0x00000090   Code   RO          793    i.EPD_HW_Init3      eink.o
    0x000266c0   0x00000078   Code   RO           10    i.EPD_Init          main.o
    0x00026738   0x00000018   Code   RO          794    i.EPD_Part_Update   eink.o
    0x00026750   0x00000066   Code   RO          795    i.EPD_SetRAMValue   eink.o
    0x000267b6   0x00000040   Code   RO          797    i.EPD_SetRAMValue_BaseMap  eink.o
    0x000267f6   0x00000018   Code   RO          798    i.EPD_Update        eink.o
    0x0002680e   0x00000020   Code   RO          799    i.Epaper_Write_Command  eink.o
    0x0002682e   0x00000026   Code   RO          800    i.Epaper_Write_Data  eink.o
    0x00026854   0x0000002a   Code   RO          801    i.Epaper_Write_Datas  eink.o
    0x0002687e   0x00000002   PAD
    0x00026880   0x00000054   Code   RO         1190    i.FRAM_SPI2_Init    fram.o
    0x000268d4   0x00000024   Code   RO         1191    i.FRAM_SPI2_unInit  fram.o
    0x000268f8   0x00000022   Code   RO         1192    i.Find_Display_IMG  fram.o
    0x0002691a   0x00000012   Code   RO         1193    i.Find_fram_chapter_num  fram.o
    0x0002692c   0x00000012   Code   RO         1194    i.Find_fram_game_num  fram.o
    0x0002693e   0x00000002   PAD
    0x00026940   0x00000164   Code   RO         1075    i.GEN_MAP_PIC       sokoban.o
    0x00026aa4   0x00000180   Code   RO         1138    i.GEN_MENU_PIC      menu.o
    0x00026c24   0x0000004c   Code   RO         1139    i.GEN_NEXT_MENU_PIC  menu.o
    0x00026c70   0x00000090   Code   RO         1076    i.GEN_NEXT_PIC      sokoban.o
    0x00026d00   0x00000164   Code   RO         3277    i.GPIOTE_IRQHandler  nrfx_gpiote.o
    0x00026e64   0x00000020   Code   RO         1077    i.MAP_INIT          sokoban.o
    0x00026e84   0x00000014   Code   RO         1140    i.MENU_INIT         menu.o
    0x00026e98   0x00000058   Code   RO         3139    i.POWER_CLOCK_IRQHandler  nrfx_clock.o
    0x00026ef0   0x00000070   Code   RO          639    i.Paint_Clear       gui_paint.o
    0x00026f60   0x000000ac   Code   RO          643    i.Paint_DrawChar    gui_paint.o
    0x0002700c   0x00000098   Code   RO          646    i.Paint_DrawNum     gui_paint.o
    0x000270a4   0x0000008c   Code   RO          647    i.Paint_DrawPic     gui_paint.o
    0x00027130   0x00000070   Code   RO          651    i.Paint_DrawString_EN  gui_paint.o
    0x000271a0   0x0000003c   Code   RO          653    i.Paint_NewImage    gui_paint.o
    0x000271dc   0x0000000c   Code   RO          654    i.Paint_SelectImage  gui_paint.o
    0x000271e8   0x000000e8   Code   RO          656    i.Paint_SetPixel    gui_paint.o
    0x000272d0   0x00000010   Code   RO         5016    i.RTC1_IRQHandler   drv_rtc.o
    0x000272e0   0x00000148   Code   RO         4076    i.SAADC_IRQHandler  nrfx_saadc.o
    0x00027428   0x0000005c   Code   RO         6982    i.SEGGER_RTT_WriteNoLock  segger_rtt.o
    0x00027484   0x0000007c   Code   RO         1195    i.SPI2_Read_bytes   fram.o
    0x00027500   0x00000068   Code   RO         1197    i.SPI2_Write_bytes  fram.o
    0x00027568   0x00000050   Code   RO         1199    i.SPI2_Write_enable  fram.o
    0x000275b8   0x00000010   Code   RO         3948    i.SPIM0_SPIS0_TWIM0_TWIS0_SPI0_TWI0_IRQHandler  nrfx_spim.o
    0x000275c8   0x00000010   Code   RO         3949    i.SPIM2_SPIS2_SPI2_IRQHandler  nrfx_spim.o
    0x000275d8   0x0000007c   Code   RO          803    i.SPI_EP_Init       eink.o
    0x00027654   0x00000004   Code   RO          804    i.SPI_EP_unInit     eink.o
    0x00027658   0x00000048   Code   RO          805    i.SPI_Write         eink.o
    0x000276a0   0x00000044   Code   RO          806    i.SPI_Write_bytes   eink.o
    0x000276e4   0x00000034   Code   RO          807    i.SPI_unInit        eink.o
    0x00027718   0x00000004   Code   RO         7219    i.SWI2_EGU2_IRQHandler  nrf_sdh.o
    0x0002771c   0x0000031c   Code   RO         7437    i.SystemInit        system_nrf52.o
    0x00027a38   0x0000000c   Code   RO         3546    i.UARTE0_UART0_IRQHandler  nrfx_prs.o
    0x00027a44   0x00000168   Code   RO         1078    i.UPDATE_MAP_PIC    sokoban.o
    0x00027bac   0x00000178   Code   RO         1141    i.UPDATE_MENU_PIC   menu.o
    0x00027d24   0x00000026   Code   RO         1201    i.Update_Display_IMG  fram.o
    0x00027d4a   0x00000012   Code   RO         1202    i.Update_fram_chapter_num  fram.o
    0x00027d5c   0x00000012   Code   RO         1203    i.Update_fram_game_num  fram.o
    0x00027d6e   0x00000016   Code   RO         6987    i._GetAvailWriteSpace  segger_rtt.o
    0x00027d84   0x0000005a   Code   RO         6989    i._WriteBlocking    segger_rtt.o
    0x00027dde   0x00000042   Code   RO         6990    i._WriteNoCheck     segger_rtt.o
    0x00027e20   0x0000000e   Code   RO         7574    i.__scatterload_copy  mc_w.l(handlers.o)
    0x00027e2e   0x00000002   Code   RO         7575    i.__scatterload_null  mc_w.l(handlers.o)
    0x00027e30   0x0000000e   Code   RO         7576    i.__scatterload_zeroinit  mc_w.l(handlers.o)
    0x00027e3e   0x00000002   PAD
    0x00027e40   0x00000024   Code   RO         7220    i.__sd_nvic_app_accessible_irq  nrf_sdh.o
    0x00027e64   0x00000058   Code   RO           11    i.adcCallbackFunc   main.o
    0x00027ebc   0x0000000e   Code   RO           12    i.adc_timer_timeout_handler  main.o
    0x00027eca   0x0000000c   Code   RO         6296    i.addr_is_aligned32  nrf_fstorage.o
    0x00027ed6   0x00000018   Code   RO         6297    i.addr_is_within_bounds  nrf_fstorage.o
    0x00027eee   0x00000010   Code   RO         2139    i.adv_set_data_size_max_get  ble_advertising.o
    0x00027efe   0x00000036   Code   RO         1876    i.advertising_buttons_configure  bsp_btn_ble.o
    0x00027f34   0x00000084   Code   RO         4543    i.app_error_fault_handler  app_error_weak.o
    0x00027fb8   0x00000016   Code   RO         4483    i.app_error_handler_bare  app_error.o
    0x00027fce   0x00000002   PAD
    0x00027fd0   0x0000000c   Code   RO         4724    i.app_timer_cnt_get  app_timer2.o
    0x00027fdc   0x00000016   Code   RO         4725    i.app_timer_create  app_timer2.o
    0x00027ff2   0x00000002   PAD
    0x00027ff4   0x0000005c   Code   RO         4726    i.app_timer_init    app_timer2.o
    0x00028050   0x00000030   Code   RO         4729    i.app_timer_start   app_timer2.o
    0x00028080   0x0000000c   Code   RO         4730    i.app_timer_stop    app_timer2.o
    0x0002808c   0x00000048   Code   RO         4948    i.app_util_critical_region_enter  app_util_platform.o
    0x000280d4   0x00000034   Code   RO         4949    i.app_util_critical_region_exit  app_util_platform.o
    0x00028108   0x0000007c   Code   RO           13    i.apptimer_create   main.o
    0x00028184   0x00000048   Code   RO         2500    i.blcm_link_ctx_get  ble_link_ctx_manager.o
    0x000281cc   0x00000182   Code   RO         2030    i.ble_advdata_encode  ble_advdata.o
    0x0002834e   0x00000020   Code   RO         2032    i.ble_advdata_parse  ble_advdata.o
    0x0002836e   0x00000040   Code   RO         2033    i.ble_advdata_search  ble_advdata.o
    0x000283ae   0x00000006   Code   RO         2141    i.ble_advertising_conn_cfg_tag_set  ble_advertising.o
    0x000283b4   0x000000f8   Code   RO         2142    i.ble_advertising_init  ble_advertising.o
    0x000284ac   0x0000006a   Code   RO         2144    i.ble_advertising_on_ble_evt  ble_advertising.o
    0x00028516   0x00000230   Code   RO         2147    i.ble_advertising_start  ble_advertising.o
    0x00028746   0x00000002   PAD
    0x00028748   0x00000068   Code   RO         2248    i.ble_conn_params_init  ble_conn_params.o
    0x000287b0   0x00000012   Code   RO         2332    i.ble_conn_state_conn_idx  ble_conn_state.o
    0x000287c2   0x00000002   PAD
    0x000287c4   0x00000014   Code   RO         2346    i.ble_conn_state_valid  ble_conn_state.o
    0x000287d8   0x00000060   Code   RO         2036    i.ble_device_addr_encode  ble_advdata.o
    0x00028838   0x000000a4   Code   RO           15    i.ble_evt_handler   main.o
    0x000288dc   0x00000070   Code   RO         1877    i.ble_evt_handler   bsp_btn_ble.o
    0x0002894c   0x000000fc   Code   RO         2250    i.ble_evt_handler   ble_conn_params.o
    0x00028a48   0x00000118   Code   RO         2347    i.ble_evt_handler   ble_conn_state.o
    0x00028b60   0x000000d4   Code   RO         2736    i.ble_nus_init      ble_nus.o
    0x00028c34   0x00000070   Code   RO         2737    i.ble_nus_on_ble_evt  ble_nus.o
    0x00028ca4   0x00000008   Code   RO         2529    i.ble_srv_is_notification_enabled  ble_srv_common.o
    0x00028cac   0x00000044   Code   RO         1748    i.bsp_event_to_button_action_assign  bsp.o
    0x00028cf0   0x00000004   Code   RO         1749    i.bsp_indication_set  bsp.o
    0x00028cf4   0x00000090   Code   RO         6723    i.buf_prealloc      nrf_log_frontend.o
    0x00028d84   0x0000002e   Code   RO         5572    i.buffer_add        nrf_fprintf_format.o
    0x00028db2   0x00000002   PAD
    0x00028db4   0x00000014   Code   RO         6724    i.buffer_is_empty   nrf_log_frontend.o
    0x00028dc8   0x0000000c   Code   RO           17    i.busy_N_timer_timeout_handler  main.o
    0x00028dd4   0x00000048   Code   RO           18    i.busy_timer_timeout_handler  main.o
    0x00028e1c   0x00000010   Code   RO         3280    i.channel_port_get  nrfx_gpiote.o
    0x00028e2c   0x00000190   Code   RO         2531    i.characteristic_add  ble_srv_common.o
    0x00028fbc   0x00000028   Code   RO         2796    i.clock_clk_started_notify  nrf_drv_clock.o
    0x00028fe4   0x0000001c   Code   RO         2797    i.clock_irq_handler  nrf_drv_clock.o
    0x00029000   0x00000018   Code   RO         4732    i.compare_func      app_timer2.o
    0x00029018   0x0000003e   Code   RO         2348    i.conn_handle_list_get  ble_conn_state.o
    0x00029056   0x00000088   Code   RO         2037    i.conn_int_encode   ble_advdata.o
    0x000290de   0x00000004   Code   RO           19    i.conn_params_error_handler  main.o
    0x000290e2   0x00000002   PAD
    0x000290e4   0x00000048   Code   RO         2251    i.conn_params_negotiation  ble_conn_params.o
    0x0002912c   0x000000c0   Code   RO         2589    i.data_length_update  nrf_ble_gatt.o
    0x000291ec   0x0000008c   Code   RO         5979    i.delete_execute    fds.o
    0x00029278   0x00000014   Code   RO         6725    i.dropped_sat16_get  nrf_log_frontend.o
    0x0002928c   0x00000014   Code   RO         5017    i.drv_rtc_compare_disable  drv_rtc.o
    0x000292a0   0x0000000e   Code   RO         5019    i.drv_rtc_compare_pending  drv_rtc.o
    0x000292ae   0x00000050   Code   RO         5020    i.drv_rtc_compare_set  drv_rtc.o
    0x000292fe   0x00000008   Code   RO         5021    i.drv_rtc_counter_get  drv_rtc.o
    0x00029306   0x00000002   PAD
    0x00029308   0x000000d4   Code   RO         5022    i.drv_rtc_init      drv_rtc.o
    0x000293dc   0x0000001a   Code   RO         5023    i.drv_rtc_irq_trigger  drv_rtc.o
    0x000293f6   0x00000008   Code   RO         5025    i.drv_rtc_overflow_enable  drv_rtc.o
    0x000293fe   0x00000008   Code   RO         5026    i.drv_rtc_overflow_pending  drv_rtc.o
    0x00029406   0x00000008   Code   RO         5027    i.drv_rtc_start     drv_rtc.o
    0x0002940e   0x00000008   Code   RO         5028    i.drv_rtc_stop      drv_rtc.o
    0x00029416   0x000000de   Code   RO         5033    i.drv_rtc_windowed_compare_set  drv_rtc.o
    0x000294f4   0x00000018   Code   RO           20    i.eink_poweroff_timer_timeout_handler  main.o
    0x0002950c   0x00000038   Code   RO           21    i.epd_rst_busy_timer_timeout_handler  main.o
    0x00029544   0x00000074   Code   RO         5980    i.event_prepare     fds.o
    0x000295b8   0x00000020   Code   RO         5981    i.event_send        fds.o
    0x000295d8   0x00000054   Code   RO         6461    i.event_send        nrf_fstorage_sd.o
    0x0002962c   0x00000012   Code   RO         5034    i.evt_enable        drv_rtc.o
    0x0002963e   0x00000014   Code   RO         5035    i.evt_pending       drv_rtc.o
    0x00029652   0x0000000a   Code   RO         2349    i.flag_toggle       ble_conn_state.o
    0x0002965c   0x00000028   Code   RO         2149    i.flags_set         ble_advertising.o
    0x00029684   0x00000050   Code   RO         7524    i.free              mc_w.l(malloc.o)
    0x000296d4   0x00000006   Code   RO         6001    i.fs_event_handler  fds.o
    0x000296da   0x00000002   PAD
    0x000296dc   0x00000020   Code   RO           22    i.gatt_evt_handler  main.o
    0x000296fc   0x00000030   Code   RO           23    i.gatt_init         main.o
    0x0002972c   0x00000078   Code   RO         6002    i.gc_execute        fds.o
    0x000297a4   0x0000004c   Code   RO         6003    i.gc_next_page      fds.o
    0x000297f0   0x00000040   Code   RO         6004    i.gc_page_erase     fds.o
    0x00029830   0x00000034   Code   RO         6005    i.gc_record_copy    fds.o
    0x00029864   0x00000024   Code   RO         6006    i.gc_record_find_next  fds.o
    0x00029888   0x00000088   Code   RO         6007    i.gc_state_advance  fds.o
    0x00029910   0x00000034   Code   RO         4733    i.get_now           app_timer2.o
    0x00029944   0x0000002c   Code   RO         6008    i.header_check      fds.o
    0x00029970   0x00000012   Code   RO         6009    i.header_has_next   fds.o
    0x00029982   0x00000002   PAD
    0x00029984   0x0000005c   Code   RO           24    i.image_display     main.o
    0x000299e0   0x000000c8   Code   RO         6010    i.init_execute      fds.o
    0x00029aa8   0x00000014   Code   RO         2252    i.instance_get      ble_conn_params.o
    0x00029abc   0x000000a6   Code   RO         5573    i.int_print         nrf_fprintf_format.o
    0x00029b62   0x00000034   Code   RO         6726    i.invalid_packets_omit  nrf_log_frontend.o
    0x00029b96   0x0000004a   Code   RO         3950    i.irq_handler       nrfx_spim.o
    0x00029be0   0x00000044   Code   RO         2253    i.is_conn_params_ok  ble_conn_params.o
    0x00029c24   0x0000000c   Code   RO         6011    i.is_word_aligned   fds.o
    0x00029c30   0x00000018   Code   RO         2590    i.link_init         nrf_ble_gatt.o
    0x00029c48   0x0000000c   Code   RO         1204    i.load_menu_data_from_fram  fram.o
    0x00029c54   0x0000000c   Code   RO         1205    i.load_sokuban_data_from_fram  fram.o
    0x00029c60   0x0000009c   Code   RO         6727    i.log_skip          nrf_log_frontend.o
    0x00029cfc   0x00000014   Code   RO           25    i.lpcomp_event_handler  main.o
    0x00029d10   0x00000034   Code   RO         4316    i.lpcomp_execute_handler  nrfx_lpcomp.o
    0x00029d44   0x00000210   Code   RO           26    i.main              main.o
    0x00029f54   0x0000006c   Code   RO         7525    i.malloc            mc_w.l(malloc.o)
    0x00029fc0   0x00000064   Code   RO         2038    i.manuf_specific_data_encode  ble_advdata.o
    0x0002a024   0x0000007e   Code   RO         5612    i.memobj_op         nrf_memobj.o
    0x0002a0a2   0x00000002   PAD
    0x0002a0a4   0x00000048   Code   RO         1142    i.menu_move_down    menu.o
    0x0002a0ec   0x0000004c   Code   RO         1143    i.menu_move_up      menu.o
    0x0002a138   0x00000030   Code   RO         6728    i.module_idx_get    nrf_log_frontend.o
    0x0002a168   0x000001d8   Code   RO         1079    i.move_down         sokoban.o
    0x0002a340   0x00000214   Code   RO         1080    i.move_left         sokoban.o
    0x0002a554   0x00000210   Code   RO         1081    i.move_right        sokoban.o
    0x0002a764   0x000001e0   Code   RO         1082    i.move_up           sokoban.o
    0x0002a944   0x000000a6   Code   RO         2039    i.name_encode       ble_advdata.o
    0x0002a9ea   0x00000026   Code   RO         5228    i.nrf_atfifo_init   nrf_atfifo.o
    0x0002aa10   0x00000016   Code   RO         5229    i.nrf_atfifo_item_alloc  nrf_atfifo.o
    0x0002aa26   0x00000016   Code   RO         5230    i.nrf_atfifo_item_free  nrf_atfifo.o
    0x0002aa3c   0x00000016   Code   RO         5231    i.nrf_atfifo_item_get  nrf_atfifo.o
    0x0002aa52   0x00000016   Code   RO         5232    i.nrf_atfifo_item_put  nrf_atfifo.o
    0x0002aa68   0x00000016   Code   RO         5294    i.nrf_atflags_clear  nrf_atflags.o
    0x0002aa7e   0x00000016   Code   RO         5299    i.nrf_atflags_get   nrf_atflags.o
    0x0002aa94   0x00000014   Code   RO         5301    i.nrf_atflags_set   nrf_atflags.o
    0x0002aaa8   0x00000006   Code   RO         5362    i.nrf_atomic_flag_clear_fetch  nrf_atomic.o
    0x0002aaae   0x00000006   Code   RO         5363    i.nrf_atomic_flag_set  nrf_atomic.o
    0x0002aab4   0x0000000c   Code   RO         5365    i.nrf_atomic_u32_add  nrf_atomic.o
    0x0002aac0   0x0000000c   Code   RO         5366    i.nrf_atomic_u32_and  nrf_atomic.o
    0x0002aacc   0x0000000a   Code   RO         5369    i.nrf_atomic_u32_fetch_and  nrf_atomic.o
    0x0002aad6   0x0000000a   Code   RO         5371    i.nrf_atomic_u32_fetch_store  nrf_atomic.o
    0x0002aae0   0x0000000c   Code   RO         5375    i.nrf_atomic_u32_or  nrf_atomic.o
    0x0002aaec   0x0000000c   Code   RO         5377    i.nrf_atomic_u32_sub  nrf_atomic.o
    0x0002aaf8   0x00000044   Code   RO         5496    i.nrf_balloc_alloc  nrf_balloc.o
    0x0002ab3c   0x00000030   Code   RO         5497    i.nrf_balloc_free   nrf_balloc.o
    0x0002ab6c   0x00000010   Code   RO         3281    i.nrf_bitmask_bit_is_set  nrfx_gpiote.o
    0x0002ab7c   0x00000014   Code   RO         3282    i.nrf_bitmask_bit_set  nrfx_gpiote.o
    0x0002ab90   0x00000018   Code   RO         2592    i.nrf_ble_gatt_att_mtu_periph_set  nrf_ble_gatt.o
    0x0002aba8   0x00000022   Code   RO         2596    i.nrf_ble_gatt_init  nrf_ble_gatt.o
    0x0002abca   0x00000002   PAD
    0x0002abcc   0x00000150   Code   RO         2597    i.nrf_ble_gatt_on_ble_evt  nrf_ble_gatt.o
    0x0002ad1c   0x00000016   Code   RO         2691    i.nrf_ble_qwr_conn_handle_assign  nrf_ble_qwr.o
    0x0002ad32   0x00000024   Code   RO         2692    i.nrf_ble_qwr_init  nrf_ble_qwr.o
    0x0002ad56   0x000000b6   Code   RO         2693    i.nrf_ble_qwr_on_ble_evt  nrf_ble_qwr.o
    0x0002ae0c   0x0000000e   Code   RO         3140    i.nrf_clock_event_check  nrfx_clock.o
    0x0002ae1a   0x00000010   Code   RO         3141    i.nrf_clock_event_clear  nrfx_clock.o
    0x0002ae2a   0x00000002   PAD
    0x0002ae2c   0x00000020   Code   RO          809    i.nrf_delay_ms      eink.o
    0x0002ae4c   0x00000038   Code   RO         2804    i.nrf_drv_clock_init  nrf_drv_clock.o
    0x0002ae84   0x00000030   Code   RO         2808    i.nrf_drv_clock_lfclk_release  nrf_drv_clock.o
    0x0002aeb4   0x0000001a   Code   RO         5533    i.nrf_fprintf       nrf_fprintf.o
    0x0002aece   0x00000018   Code   RO         5534    i.nrf_fprintf_buffer_flush  nrf_fprintf.o
    0x0002aee6   0x000001da   Code   RO         5574    i.nrf_fprintf_fmt   nrf_fprintf_format.o
    0x0002b0c0   0x00000138   Code   RO         6298    i.nrf_fstorage_erase  nrf_fstorage.o
    0x0002b1f8   0x00000018   Code   RO         6464    i.nrf_fstorage_sdh_req_handler  nrf_fstorage_sd.o
    0x0002b210   0x00000020   Code   RO         6465    i.nrf_fstorage_sdh_state_handler  nrf_fstorage_sd.o
    0x0002b230   0x000000a4   Code   RO         6466    i.nrf_fstorage_sys_evt_handler  nrf_fstorage_sd.o
    0x0002b2d4   0x000001dc   Code   RO         6305    i.nrf_fstorage_write  nrf_fstorage.o
    0x0002b4b0   0x00000024   Code   RO           27    i.nrf_gpio_cfg      main.o
    0x0002b4d4   0x00000024   Code   RO          810    i.nrf_gpio_cfg      eink.o
    0x0002b4f8   0x00000024   Code   RO         3951    i.nrf_gpio_cfg      nrfx_spim.o
    0x0002b51c   0x00000012   Code   RO           28    i.nrf_gpio_cfg_default  main.o
    0x0002b52e   0x00000012   Code   RO          811    i.nrf_gpio_cfg_default  eink.o
    0x0002b540   0x00000012   Code   RO           29    i.nrf_gpio_cfg_input  main.o
    0x0002b552   0x00000014   Code   RO           30    i.nrf_gpio_cfg_output  main.o
    0x0002b566   0x00000014   Code   RO          812    i.nrf_gpio_cfg_output  eink.o
    0x0002b57a   0x00000014   Code   RO         3952    i.nrf_gpio_cfg_output  nrfx_spim.o
    0x0002b58e   0x00000022   Code   RO         3285    i.nrf_gpio_cfg_sense_set  nrfx_gpiote.o
    0x0002b5b0   0x0000000e   Code   RO          813    i.nrf_gpio_pin_clear  eink.o
    0x0002b5be   0x0000000e   Code   RO         3953    i.nrf_gpio_pin_clear  nrfx_spim.o
    0x0002b5cc   0x00000010   Code   RO           31    i.nrf_gpio_pin_read  main.o
    0x0002b5dc   0x0000000e   Code   RO          814    i.nrf_gpio_pin_set  eink.o
    0x0002b5ea   0x0000000e   Code   RO         3954    i.nrf_gpio_pin_set  nrfx_spim.o
    0x0002b5f8   0x00000028   Code   RO         3286    i.nrf_gpio_ports_read  nrfx_gpiote.o
    0x0002b620   0x00000014   Code   RO         3287    i.nrf_gpiote_event_clear  nrfx_gpiote.o
    0x0002b634   0x00000010   Code   RO         3288    i.nrf_gpiote_event_is_set  nrfx_gpiote.o
    0x0002b644   0x00000002   Code   RO         6587    i.nrf_log_backend_rtt_flush  nrf_log_backend_rtt.o
    0x0002b646   0x00000002   Code   RO         6589    i.nrf_log_backend_rtt_panic_set  nrf_log_backend_rtt.o
    0x0002b648   0x00000018   Code   RO         6590    i.nrf_log_backend_rtt_put  nrf_log_backend_rtt.o
    0x0002b660   0x000000c8   Code   RO         6653    i.nrf_log_backend_serial_put  nrf_log_backend_serial.o
    0x0002b728   0x00000030   Code   RO         6731    i.nrf_log_color_id_get  nrf_log_frontend.o
    0x0002b758   0x00000234   Code   RO         6732    i.nrf_log_frontend_dequeue  nrf_log_frontend.o
    0x0002b98c   0x00000008   Code   RO         6734    i.nrf_log_frontend_std_0  nrf_log_frontend.o
    0x0002b994   0x0000000e   Code   RO         6735    i.nrf_log_frontend_std_1  nrf_log_frontend.o
    0x0002b9a2   0x00000010   Code   RO         6736    i.nrf_log_frontend_std_2  nrf_log_frontend.o
    0x0002b9b2   0x00000012   Code   RO         6737    i.nrf_log_frontend_std_3  nrf_log_frontend.o
    0x0002b9c4   0x000000b0   Code   RO         6909    i.nrf_log_hexdump_entry_process  nrf_log_str_formatter.o
    0x0002ba74   0x00000014   Code   RO         6742    i.nrf_log_module_cnt_get  nrf_log_frontend.o
    0x0002ba88   0x0000001c   Code   RO         6745    i.nrf_log_module_name_get  nrf_log_frontend.o
    0x0002baa4   0x0000002c   Code   RO         6746    i.nrf_log_panic     nrf_log_frontend.o
    0x0002bad0   0x000000b6   Code   RO         6910    i.nrf_log_std_entry_process  nrf_log_str_formatter.o
    0x0002bb86   0x00000060   Code   RO         5613    i.nrf_memobj_alloc  nrf_memobj.o
    0x0002bbe6   0x00000032   Code   RO         5614    i.nrf_memobj_free   nrf_memobj.o
    0x0002bc18   0x00000008   Code   RO         5615    i.nrf_memobj_get    nrf_memobj.o
    0x0002bc20   0x0000001e   Code   RO         5617    i.nrf_memobj_put    nrf_memobj.o
    0x0002bc3e   0x00000010   Code   RO         5618    i.nrf_memobj_read   nrf_memobj.o
    0x0002bc4e   0x00000010   Code   RO         5619    i.nrf_memobj_write  nrf_memobj.o
    0x0002bc5e   0x00000002   PAD
    0x0002bc60   0x00000028   Code   RO         5682    i.nrf_pwr_mgmt_init  nrf_pwr_mgmt.o
    0x0002bc88   0x00000044   Code   RO         5683    i.nrf_pwr_mgmt_run  nrf_pwr_mgmt.o
    0x0002bccc   0x00000004   Code   RO           32    i.nrf_qwr_error_handler  main.o
    0x0002bcd0   0x0000000c   Code   RO         5036    i.nrf_rtc_event_clear  drv_rtc.o
    0x0002bcdc   0x00000010   Code   RO         4077    i.nrf_saadc_buffer_init  nrfx_saadc.o
    0x0002bcec   0x00000014   Code   RO         4078    i.nrf_saadc_channel_input_set  nrfx_saadc.o
    0x0002bd00   0x00000010   Code   RO         4079    i.nrf_saadc_event_check  nrfx_saadc.o
    0x0002bd10   0x00000014   Code   RO         4080    i.nrf_saadc_event_clear  nrfx_saadc.o
    0x0002bd24   0x00000010   Code   RO         4081    i.nrf_saadc_limit_int_get  nrfx_saadc.o
    0x0002bd34   0x00000014   Code   RO         7340    i.nrf_sdh_ble_app_ram_start_get  nrf_sdh_ble.o
    0x0002bd48   0x00000130   Code   RO         7341    i.nrf_sdh_ble_default_cfg_set  nrf_sdh_ble.o
    0x0002be78   0x00000130   Code   RO         7342    i.nrf_sdh_ble_enable  nrf_sdh_ble.o
    0x0002bfa8   0x00000060   Code   RO         7343    i.nrf_sdh_ble_evts_poll  nrf_sdh_ble.o
    0x0002c008   0x00000054   Code   RO         7221    i.nrf_sdh_disable_request  nrf_sdh.o
    0x0002c05c   0x00000074   Code   RO         7222    i.nrf_sdh_enable_request  nrf_sdh.o
    0x0002c0d0   0x00000024   Code   RO         7223    i.nrf_sdh_evts_poll  nrf_sdh.o
    0x0002c0f4   0x0000000c   Code   RO         7224    i.nrf_sdh_is_enabled  nrf_sdh.o
    0x0002c100   0x0000001c   Code   RO         7226    i.nrf_sdh_request_continue  nrf_sdh.o
    0x0002c11c   0x0000003c   Code   RO         7394    i.nrf_sdh_soc_evts_poll  nrf_sdh_soc.o
    0x0002c158   0x0000000a   Code   RO         5817    i.nrf_section_iter_init  nrf_section_iter.o
    0x0002c162   0x00000024   Code   RO         5818    i.nrf_section_iter_item_set  nrf_section_iter.o
    0x0002c186   0x00000020   Code   RO         5819    i.nrf_section_iter_next  nrf_section_iter.o
    0x0002c1a6   0x00000022   Code   RO         5852    i.nrf_sortlist_add  nrf_sortlist.o
    0x0002c1c8   0x00000006   Code   RO         5854    i.nrf_sortlist_peek  nrf_sortlist.o
    0x0002c1ce   0x0000000e   Code   RO         5855    i.nrf_sortlist_pop  nrf_sortlist.o
    0x0002c1dc   0x0000001e   Code   RO         5856    i.nrf_sortlist_remove  nrf_sortlist.o
    0x0002c1fa   0x0000000a   Code   RO         3955    i.nrf_spim_event_check  nrfx_spim.o
    0x0002c204   0x00000038   Code   RO         5908    i.nrf_strerror_find  nrf_strerror.o
    0x0002c23c   0x00000014   Code   RO         5909    i.nrf_strerror_get  nrf_strerror.o
    0x0002c250   0x0000002c   Code   RO         3146    i.nrfx_clock_enable  nrfx_clock.o
    0x0002c27c   0x00000020   Code   RO         3149    i.nrfx_clock_init   nrfx_clock.o
    0x0002c29c   0x0000001c   Code   RO         3152    i.nrfx_clock_lfclk_stop  nrfx_clock.o
    0x0002c2b8   0x00000010   Code   RO         4082    i.nrfx_coredep_delay_us  nrfx_saadc.o
    0x0002c2c8   0x00000010   Code   RO         5037    i.nrfx_coredep_delay_us  drv_rtc.o
    0x0002c2d8   0x00000010   Code   RO         3956    i.nrfx_is_in_ram    nrfx_spim.o
    0x0002c2e8   0x00000020   Code   RO         4317    i.nrfx_lpcomp_disable  nrfx_lpcomp.o
    0x0002c308   0x00000030   Code   RO         4318    i.nrfx_lpcomp_enable  nrfx_lpcomp.o
    0x0002c338   0x000000e0   Code   RO         4319    i.nrfx_lpcomp_init  nrfx_lpcomp.o
    0x0002c418   0x0000003a   Code   RO         3547    i.nrfx_prs_acquire  nrfx_prs.o
    0x0002c452   0x00000012   Code   RO         3548    i.nrfx_prs_release  nrfx_prs.o
    0x0002c464   0x000000a4   Code   RO         4084    i.nrfx_saadc_buffer_convert  nrfx_saadc.o
    0x0002c508   0x000000ac   Code   RO         4086    i.nrfx_saadc_channel_init  nrfx_saadc.o
    0x0002c5b4   0x00000044   Code   RO         4087    i.nrfx_saadc_channel_uninit  nrfx_saadc.o
    0x0002c5f8   0x00000094   Code   RO         4088    i.nrfx_saadc_init   nrfx_saadc.o
    0x0002c68c   0x00000080   Code   RO         4090    i.nrfx_saadc_limits_set  nrfx_saadc.o
    0x0002c70c   0x0000002c   Code   RO         4091    i.nrfx_saadc_sample  nrfx_saadc.o
    0x0002c738   0x0000006c   Code   RO         4094    i.nrfx_saadc_uninit  nrfx_saadc.o
    0x0002c7a4   0x00000174   Code   RO         3959    i.nrfx_spim_init    nrfx_spim.o
    0x0002c918   0x00000088   Code   RO         3961    i.nrfx_spim_uninit  nrfx_spim.o
    0x0002c9a0   0x00000064   Code   RO         3962    i.nrfx_spim_xfer    nrfx_spim.o
    0x0002ca04   0x0000002c   Code   RO           33    i.nus_data_handler  main.o
    0x0002ca30   0x0000002c   Code   RO           34    i.on_adv_evt        main.o
    0x0002ca5c   0x0000001c   Code   RO           35    i.on_conn_params_evt  main.o
    0x0002ca78   0x0000006a   Code   RO         2738    i.on_connect        ble_nus.o
    0x0002cae2   0x00000002   PAD
    0x0002cae4   0x000000a8   Code   RO         2598    i.on_connected_evt  nrf_ble_gatt.o
    0x0002cb8c   0x000000ac   Code   RO         2599    i.on_exchange_mtu_request_evt  nrf_ble_gatt.o
    0x0002cc38   0x00000084   Code   RO         2739    i.on_write          ble_nus.o
    0x0002ccbc   0x0000001c   Code   RO         6013    i.page_offsets_update  fds.o
    0x0002ccd8   0x0000001c   Code   RO         6015    i.page_tag_write_data  fds.o
    0x0002ccf4   0x00000024   Code   RO         6016    i.page_tag_write_swap  fds.o
    0x0002cd18   0x00000012   Code   RO         2150    i.phy_is_valid      ble_advertising.o
    0x0002cd2a   0x00000002   PAD
    0x0002cd2c   0x0000003c   Code   RO         6912    i.postfix_process   nrf_log_str_formatter.o
    0x0002cd68   0x00000098   Code   RO         6913    i.prefix_process    nrf_log_str_formatter.o
    0x0002ce00   0x00000018   Code   RO         3549    i.prs_box_get       nrfx_prs.o
    0x0002ce18   0x00000014   Code   RO         6467    i.queue_free        nrf_fstorage_sd.o
    0x0002ce2c   0x000000a4   Code   RO         6020    i.queue_process     fds.o
    0x0002ced0   0x000000a0   Code   RO         6468    i.queue_process     nrf_fstorage_sd.o
    0x0002cf70   0x00000090   Code   RO         6022    i.record_find       fds.o
    0x0002d000   0x000000a0   Code   RO         6023    i.record_find_by_desc  fds.o
    0x0002d0a0   0x0000005c   Code   RO         6024    i.record_find_next  fds.o
    0x0002d0fc   0x0000003c   Code   RO         6025    i.record_header_flag_dirty  fds.o
    0x0002d138   0x0000005c   Code   RO         4734    i.rtc_irq           app_timer2.o
    0x0002d194   0x00000064   Code   RO         4735    i.rtc_schedule      app_timer2.o
    0x0002d1f8   0x00000074   Code   RO         4736    i.rtc_update        app_timer2.o
    0x0002d26c   0x00000050   Code   RO         2811    i.sd_state_evt_handler  nrf_drv_clock.o
    0x0002d2bc   0x00000030   Code   RO         7229    i.sdh_request_observer_notify  nrf_sdh.o
    0x0002d2ec   0x0000002c   Code   RO         7230    i.sdh_state_observer_notify  nrf_sdh.o
    0x0002d318   0x00000010   Code   RO         2254    i.send_error_evt    ble_conn_params.o
    0x0002d328   0x00000050   Code   RO         6591    i.serial_tx         nrf_log_backend_rtt.o
    0x0002d378   0x00000088   Code   RO         2040    i.service_data_encode  ble_advdata.o
    0x0002d400   0x00000030   Code   RO         2533    i.set_security_req  ble_srv_common.o
    0x0002d430   0x00000018   Code   RO         2812    i.soc_evt_handler   nrf_drv_clock.o
    0x0002d448   0x00000038   Code   RO         7231    i.softdevice_evt_irq_disable  nrf_sdh.o
    0x0002d480   0x00000058   Code   RO         7232    i.softdevices_evt_irq_enable  nrf_sdh.o
    0x0002d4d8   0x0000000c   Code   RO         4737    i.sortlist_pop      app_timer2.o
    0x0002d4e4   0x0000000c   Code   RO         1206    i.spi2_event_handler  fram.o
    0x0002d4f0   0x0000000c   Code   RO          815    i.spi_event_handler  eink.o
    0x0002d4fc   0x000000bc   Code   RO         3963    i.spim_xfer         nrfx_spim.o
    0x0002d5b8   0x00000084   Code   RO           37    i.state_handle      main.o
    0x0002d63c   0x0000008c   Code   RO         6748    i.std_n             nrf_log_frontend.o
    0x0002d6c8   0x0000001a   Code   RO         1207    i.store_menu_data_to_fram  fram.o
    0x0002d6e2   0x0000001a   Code   RO         1208    i.store_sokuban_data_to_fram  fram.o
    0x0002d6fc   0x0000001c   Code   RO           38    i.threshold_update  main.o
    0x0002d718   0x00000058   Code   RO         4738    i.timer_expire      app_timer2.o
    0x0002d770   0x00000078   Code   RO         4739    i.timer_req_process  app_timer2.o
    0x0002d7e8   0x00000038   Code   RO         4740    i.timer_req_schedule  app_timer2.o
    0x0002d820   0x0000000a   Code   RO         2041    i.uint16_encode     ble_advdata.o
    0x0002d82a   0x00000002   PAD
    0x0002d82c   0x000000b4   Code   RO         5575    i.unsigned_print    nrf_fprintf_format.o
    0x0002d8e0   0x000001b0   Code   RO           40    i.updata_flash_image_1in54  main.o
    0x0002da90   0x00000080   Code   RO           41    i.update_image_record_in_fram  main.o
    0x0002db10   0x00000070   Code   RO           42    i.update_part_display_ramvalue  main.o
    0x0002db80   0x00000068   Code   RO         2255    i.update_timeout_handler  ble_conn_params.o
    0x0002dbe8   0x00000018   Code   RO         2151    i.use_whitelist     ble_advertising.o
    0x0002dc00   0x00000024   Code   RO         2694    i.user_mem_reply    nrf_ble_qwr.o
    0x0002dc24   0x00000030   Code   RO         2042    i.uuid_list_encode  ble_advdata.o
    0x0002dc54   0x0000009e   Code   RO         2043    i.uuid_list_sized_encode  ble_advdata.o
    0x0002dcf2   0x00000002   PAD
    0x0002dcf4   0x000000f8   Code   RO         6028    i.write_execute     fds.o
    0x0002ddec   0x000013b5   Data   RO           57    .constdata          main.o
    0x0002f1a1   0x0000000f   PAD
    0x0002f1b0   0x000000c8   Data   RO          817    .constdata          eink.o
    0x0002f278   0x000001a4   Data   RO         1084    .constdata          sokoban.o
    0x0002f41c   0x00000018   Data   RO         1210    .constdata          fram.o
    0x0002f434   0x00000be0   Data   RO         1374    .constdata          font16.o
    0x00030014   0x00000016   Data   RO         2600    .constdata          nrf_ble_gatt.o
    0x0003002a   0x00000002   PAD
    0x0003002c   0x00000010   Data   RO         2740    .constdata          ble_nus.o
    0x0003003c   0x00000004   Data   RO         3317    .constdata          nrfx_gpiote.o
    0x00030040   0x00000008   Data   RO         3966    .constdata          nrfx_spim.o
    0x00030048   0x00000008   PAD
    0x00030050   0x00000006   Data   RO         4096    .constdata          nrfx_saadc.o
    0x00030056   0x00000002   PAD
    0x00030058   0x00000014   Data   RO         4743    .constdata          app_timer2.o
    0x0003006c   0x00000004   PAD
    0x00030070   0x00000006   Data   RO         5038    .constdata          drv_rtc.o
    0x00030076   0x00000010   Data   RO         5576    .constdata          nrf_fprintf_format.o
    0x00030086   0x00000002   PAD
    0x00030088   0x00000018   Data   RO         5687    .constdata          nrf_pwr_mgmt.o
    0x000300a0   0x0000000c   Data   RO         5688    .constdata          nrf_pwr_mgmt.o
    0x000300ac   0x0000013c   Data   RO         5910    .constdata          nrf_strerror.o
    0x000301e8   0x00000018   Data   RO         6033    .constdata          fds.o
    0x00030200   0x0000005e   Data   RO         6306    .constdata          nrf_fstorage.o
    0x0003025e   0x00000002   PAD
    0x00030260   0x00000010   Data   RO         6477    .constdata          nrf_fstorage_sd.o
    0x00030270   0x0000000c   Data   RO         6593    .constdata          nrf_log_backend_rtt.o
    0x0003027c   0x00000004   PAD
    0x00030280   0x00000006   Data   RO         6594    .constdata          nrf_log_backend_rtt.o
    0x00030286   0x00000002   PAD
    0x00030288   0x00000010   Data   RO         7233    .constdata          nrf_sdh.o
    0x00030298   0x00000028   Data   RO         7234    .constdata          nrf_sdh.o
    0x000302c0   0x00000010   Data   RO         7235    .constdata          nrf_sdh.o
    0x000302d0   0x00000010   Data   RO         7236    .constdata          nrf_sdh.o
    0x000302e0   0x00000020   Data   RO         7344    .constdata          nrf_sdh_ble.o
    0x00030300   0x00000010   Data   RO         7345    .constdata          nrf_sdh_ble.o
    0x00030310   0x00000010   Data   RO         7395    .constdata          nrf_sdh_soc.o
    0x00030320   0x0000000c   Data   RO         7396    .constdata          nrf_sdh_soc.o
    0x0003032c   0x00000081   Data   RO         7477    .constdata          mc_w.l(ctype_o.o)
    0x000303ad   0x00000003   PAD
    0x000303b0   0x00000004   Data   RO         7478    .constdata          mc_w.l(ctype_o.o)
    0x000303b4   0x000000a2   Data   RO         2601    .conststring        nrf_ble_gatt.o
    0x00030456   0x00000002   PAD
    0x00030458   0x000003eb   Data   RO         5911    .conststring        nrf_strerror.o
    0x00030843   0x00000001   PAD
    0x00030844   0x0000004f   Data   RO         6307    .conststring        nrf_fstorage.o
    0x00030893   0x00000001   PAD
    0x00030894   0x00000066   Data   RO         6914    .conststring        nrf_log_str_formatter.o
    0x000308fa   0x00000002   PAD
    0x000308fc   0x000001cf   Data   RO         7346    .conststring        nrf_sdh_ble.o
    0x00030acb   0x00000001   PAD
    0x00030acc   0x0000000d   Data   RO         2602    .conststrlit        nrf_ble_gatt.o
    0x00030ad9   0x00000003   PAD
    0x00030adc   0x00000008   Data   RO         2741    .conststrlit        ble_nus.o
    0x00030ae4   0x00000006   Data   RO         2818    .conststrlit        nrf_drv_clock.o
    0x00030aea   0x00000002   PAD
    0x00030aec   0x00000006   Data   RO         3156    .conststrlit        nrfx_clock.o
    0x00030af2   0x00000002   PAD
    0x00030af4   0x00000007   Data   RO         3321    .conststrlit        nrfx_gpiote.o
    0x00030afb   0x00000001   PAD
    0x00030afc   0x00000004   Data   RO         3551    .conststrlit        nrfx_prs.o
    0x00030b00   0x00000005   Data   RO         3631    .conststrlit        nrfx_uart.o
    0x00030b05   0x00000003   PAD
    0x00030b08   0x00000006   Data   RO         3815    .conststrlit        nrfx_uarte.o
    0x00030b0e   0x00000002   PAD
    0x00030b10   0x00000005   Data   RO         3969    .conststrlit        nrfx_spim.o
    0x00030b15   0x00000003   PAD
    0x00030b18   0x00000006   Data   RO         4104    .conststrlit        nrfx_saadc.o
    0x00030b1e   0x00000002   PAD
    0x00030b20   0x00000007   Data   RO         4322    .conststrlit        nrfx_lpcomp.o
    0x00030b27   0x00000001   PAD
    0x00030b28   0x0000000b   Data   RO         4398    .conststrlit        app_button.o
    0x00030b33   0x00000001   PAD
    0x00030b34   0x0000000a   Data   RO         4744    .conststrlit        app_timer2.o
    0x00030b3e   0x00000002   PAD
    0x00030b40   0x00000009   Data   RO         5689    .conststrlit        nrf_pwr_mgmt.o
    0x00030b49   0x00000003   PAD
    0x00030b4c   0x00000009   Data   RO         5857    .conststrlit        nrf_sortlist.o
    0x00030b55   0x00000003   PAD
    0x00030b58   0x0000000d   Data   RO         6308    .conststrlit        nrf_fstorage.o
    0x00030b65   0x00000003   PAD
    0x00030b68   0x00000010   Data   RO         6688    .conststrlit        nrf_log_default_backends.o
    0x00030b78   0x00000004   Data   RO         6754    .conststrlit        nrf_log_frontend.o
    0x00030b7c   0x00000008   Data   RO         7237    .conststrlit        nrf_sdh.o
    0x00030b84   0x0000000c   Data   RO         7347    .conststrlit        nrf_sdh_ble.o
    0x00030b90   0x0000000c   Data   RO         7397    .conststrlit        nrf_sdh_soc.o
    0x00030b9c   0x00000020   Data   RO         7572    Region$$Table       anon$$obj.o
    0x00030bbc   0x00000010   Data   RO         6690    log_backends        nrf_log_default_backends.o
    0x00030bcc   0x00000008   Data   RO         2603    log_const_data      nrf_ble_gatt.o
    0x00030bd4   0x00000008   Data   RO         2742    log_const_data      ble_nus.o
    0x00030bdc   0x00000008   Data   RO         2819    log_const_data      nrf_drv_clock.o
    0x00030be4   0x00000008   Data   RO         3158    log_const_data      nrfx_clock.o
    0x00030bec   0x00000008   Data   RO         3322    log_const_data      nrfx_gpiote.o
    0x00030bf4   0x00000008   Data   RO         3553    log_const_data      nrfx_prs.o
    0x00030bfc   0x00000008   Data   RO         3632    log_const_data      nrfx_uart.o
    0x00030c04   0x00000008   Data   RO         3816    log_const_data      nrfx_uarte.o
    0x00030c0c   0x00000008   Data   RO         3970    log_const_data      nrfx_spim.o
    0x00030c14   0x00000008   Data   RO         4105    log_const_data      nrfx_saadc.o
    0x00030c1c   0x00000008   Data   RO         4324    log_const_data      nrfx_lpcomp.o
    0x00030c24   0x00000008   Data   RO         4400    log_const_data      app_button.o
    0x00030c2c   0x00000008   Data   RO         4747    log_const_data      app_timer2.o
    0x00030c34   0x00000008   Data   RO         5691    log_const_data      nrf_pwr_mgmt.o
    0x00030c3c   0x00000008   Data   RO         5858    log_const_data      nrf_sortlist.o
    0x00030c44   0x00000008   Data   RO         6309    log_const_data      nrf_fstorage.o
    0x00030c4c   0x00000008   Data   RO         6757    log_const_data      nrf_log_frontend.o
    0x00030c54   0x00000008   Data   RO         7239    log_const_data      nrf_sdh.o
    0x00030c5c   0x00000008   Data   RO         7349    log_const_data      nrf_sdh_ble.o
    0x00030c64   0x00000008   Data   RO         7398    log_const_data      nrf_sdh_soc.o
    0x00030c6c   0x00000014   Data   RO         6758    nrf_balloc          nrf_log_frontend.o
    0x00030c80   0x00000008   Data   RO         2353    sdh_ble_observers0  ble_conn_state.o
    0x00030c88   0x00000010   Data   RO           71    sdh_ble_observers1  main.o
    0x00030c98   0x00000008   Data   RO         1881    sdh_ble_observers1  bsp_btn_ble.o
    0x00030ca0   0x00000008   Data   RO         2258    sdh_ble_observers1  ble_conn_params.o
    0x00030ca8   0x00000010   Data   RO           72    sdh_ble_observers2  main.o
    0x00030cb8   0x00000008   Data   RO           73    sdh_ble_observers3  main.o
    0x00030cc0   0x00000008   Data   RO         6480    sdh_req_observers0  nrf_fstorage_sd.o
    0x00030cc8   0x00000008   Data   RO         2820    sdh_soc_observers0  nrf_drv_clock.o
    0x00030cd0   0x00000008   Data   RO         6481    sdh_soc_observers0  nrf_fstorage_sd.o
    0x00030cd8   0x00000008   Data   RO         7350    sdh_stack_observers0  nrf_sdh_ble.o
    0x00030ce0   0x00000008   Data   RO         7399    sdh_stack_observers0  nrf_sdh_soc.o
    0x00030ce8   0x00000008   Data   RO         2821    sdh_state_observers0  nrf_drv_clock.o
    0x00030cf0   0x00000008   Data   RO         6482    sdh_state_observers0  nrf_fstorage_sd.o


    Execution Region RW_IRAM1 (Base: 0x20002ad8, Size: 0x0000a6c8, Max: 0x0000d528, ABSOLUTE, COMPRESSED[0x000000d8])

    Base Addr    Size         Type   Attr      Idx    E Section Name        Object

    0x20002ad8   0x00000008   Data   RW           61    .data               main.o
    0x20002ae0   0x00000060   Data   RW           62    .data               main.o
    0x20002b40   0x00000004   Data   RW           64    .data               main.o
    0x20002b44   0x00000002   Data   RW          818    .data               eink.o
    0x20002b46   0x00000002   PAD
    0x20002b48   0x000000ff   Data   RW         1085    .data               sokoban.o
    0x20002c47   0x00000001   PAD
    0x20002c48   0x00000018   Data   RW         1145    .data               menu.o
    0x20002c60   0x00000001   Data   RW         1211    .data               fram.o
    0x20002c61   0x00000003   PAD
    0x20002c64   0x00000008   Data   RW         1375    .data               font16.o
    0x20002c6c   0x00000008   Data   RW         1880    .data               bsp_btn_ble.o
    0x20002c74   0x00000008   Data   RW         2257    .data               ble_conn_params.o
    0x20002c7c   0x00000008   Data   RW         3157    .data               nrfx_clock.o
    0x20002c84   0x00000008   Data   RW         3552    .data               nrfx_prs.o
    0x20002c8c   0x00000008   Data   RW         4323    .data               nrfx_lpcomp.o
    0x20002c94   0x00000004   PAD
    0x20002c98   0x00000020   Data   RW         4745    .data               app_timer2.o
    0x20002cb8   0x00000004   Data   RW         4746    .data               app_timer2.o
    0x20002cbc   0x0000000c   Data   RW         5039    .data               drv_rtc.o
    0x20002cc8   0x00000008   Data   RW         5690    .data               nrf_pwr_mgmt.o
    0x20002cd0   0x00000030   Data   RW         6034    .data               fds.o
    0x20002d00   0x00000008   Data   RW         6479    .data               nrf_fstorage_sd.o
    0x20002d08   0x00000001   Data   RW         6595    .data               nrf_log_backend_rtt.o
    0x20002d09   0x00000003   PAD
    0x20002d0c   0x00000008   Data   RW         6689    .data               nrf_log_default_backends.o
    0x20002d14   0x00000008   Data   RW         6755    .data               nrf_log_frontend.o
    0x20002d1c   0x00000008   Data   RW         6756    .data               nrf_log_frontend.o
    0x20002d24   0x00000040   Data   RW         6915    .data               nrf_log_str_formatter.o
    0x20002d64   0x00000003   Data   RW         7238    .data               nrf_sdh.o
    0x20002d67   0x00000001   Data   RW         7348    .data               nrf_sdh_ble.o
    0x20002d68   0x00000004   Data   RW         7438    .data               system_nrf52.o
    0x20002d6c   0x00000004   Data   RW         7568    .data               mc_w.l(mvars.o)
    0x20002d70   0x00000004   Data   RW         7569    .data               mc_w.l(mvars.o)
    0x20002d74   0x00000014   Data   RW         6035    fs_data             fds.o
    0x20002d88   0x00000020   Zero   RW           43    .bss                main.o
    0x20002da8   0x00000020   Zero   RW           44    .bss                main.o
    0x20002dc8   0x00000020   Zero   RW           45    .bss                main.o
    0x20002de8   0x00000020   Zero   RW           46    .bss                main.o
    0x20002e08   0x00000020   Zero   RW           47    .bss                main.o
    0x20002e28   0x00002d58   Zero   RW           48    .bss                main.o
    0x20005b80   0x00000018   Zero   RW          659    .bss                gui_paint.o
    0x20005b98   0x00000210   Zero   RW          816    .bss                eink.o
    0x20005da8   0x00000051   Zero   RW         1083    .bss                sokoban.o
    0x20005df9   0x00000003   PAD
    0x20005dfc   0x00002728   Zero   RW         1209    .bss                fram.o
    0x20008524   0x0000000c   Zero   RW         1760    .bss                bsp.o
    0x20008530   0x00000050   Zero   RW         2256    .bss                ble_conn_params.o
    0x20008580   0x0000007c   Zero   RW         2352    .bss                ble_conn_state.o
    0x200085fc   0x00000014   Zero   RW         2813    .bss                nrf_drv_clock.o
    0x20008610   0x00000064   Zero   RW         3316    .bss                nrfx_gpiote.o
    0x20008674   0x00000048   Zero   RW         3964    .bss                nrfx_spim.o
    0x200086bc   0x00000030   Zero   RW         4095    .bss                nrfx_saadc.o
    0x200086ec   0x00000010   Zero   RW         4741    .bss                app_timer2.o
    0x200086fc   0x00000068   Zero   RW         4742    .bss                app_timer2.o
    0x20008764   0x0000000c   Zero   RW         4954    .bss                app_util_platform.o
    0x20008770   0x0000000c   Zero   RW         5686    .bss                nrf_pwr_mgmt.o
    0x2000877c   0x00000010   Zero   RW         6031    .bss                fds.o
    0x2000878c   0x000001b4   Zero   RW         6032    .bss                fds.o
    0x20008940   0x00000010   Zero   RW         6475    .bss                nrf_fstorage_sd.o
    0x20008950   0x000000a0   Zero   RW         6476    .bss                nrf_fstorage_sd.o
    0x200089f0   0x00000040   Zero   RW         6592    .bss                nrf_log_backend_rtt.o
    0x20008a30   0x000000c0   Zero   RW         6749    .bss                nrf_log_frontend.o
    0x20008af0   0x00000424   Zero   RW         6752    .bss                nrf_log_frontend.o
    0x20008f14   0x00000288   Zero   RW         6991    .bss                segger_rtt.o
    0x2000919c   0x00000004   PAD
    0x200091a0   0x00002000   Zero   RW         7427    HEAP                arm_startup_nrf52.o
    0x2000b1a0   0x00002000   Zero   RW         7426    STACK               arm_startup_nrf52.o


==============================================================================

Image component sizes


      Code (inc. data)   RO Data    RW Data    ZI Data      Debug   Object Name

         0          0         19          0          0       1843   app_button.o
        22          0          0          0          0       2461   app_error.o
       132         46          0          0          0      39026   app_error_weak.o
         0          0          0          0          0      37114   app_scheduler.o
       846         88         38         36        120      16701   app_timer2.o
       124         14          0          0         12       9626   app_util_platform.o
        36          8        512          0      16384        932   arm_startup_nrf52.o
      1332          0          0          0          0      60536   ble_advdata.o
      1018          6          0          0          0      17171   ble_advertising.o
       636         44          8          8         80      12715   ble_conn_params.o
       390         10          8          0        124       7735   ble_conn_state.o
        72          0          0          0          0       2836   ble_link_ctx_manager.o
       562          6         32          0          0       7744   ble_nus.o
       456          6          0          0          0       3391   ble_srv_common.o
        72          4          0          0         12      14621   bsp.o
       166          6          8          8          0      82488   bsp_btn_ble.o
       696         76          6         12          0      45925   drv_rtc.o
      1140         46        200          2        528     102731   eink.o
      2012        200         24         68        452      30943   fds.o
         0          0       3040          8          0       1553   font16.o
       660         80         24          1      10024      15932   fram.o
       992         44          0          0         24      12021   gui_paint.o
      2550        260       5085        108      11768     201822   main.o
      1004        192          0         24          0       6587   menu.o
       326          0          0          0          0       5971   nrf_atfifo.o
        64          0          0          0          0       2980   nrf_atflags.o
       306          0          0          0          0       8071   nrf_atomic.o
       116          0          0          0          0       2850   nrf_balloc.o
       950        272        205          0          0      38057   nrf_ble_gatt.o
       276          0          0          0          0       6233   nrf_ble_qwr.o
       276         34         30          0         20      41604   nrf_drv_clock.o
        50          0          0          0          0       3553   nrf_fprintf.o
       866          4         16          0          0       6574   nrf_fprintf_format.o
       824        358        194          0          0       7928   nrf_fstorage.o
         0          0          0          0          0       1880   nrf_fstorage_nvmc.o
       484         42         40          8        176       7651   nrf_fstorage_sd.o
       108         18         18          1         64       5014   nrf_log_backend_rtt.o
       200          0          0          0          0      10877   nrf_log_backend_serial.o
         0          0         32          8          0       2529   nrf_log_default_backends.o
      1340         94         32         16       1252      28542   nrf_log_frontend.o
       570        108        102         64          0       5684   nrf_log_str_formatter.o
       342          0          0          0          0       7460   nrf_memobj.o
       108         16         53          8         12      36386   nrf_pwr_mgmt.o
         0          0          0          0          0       1092   nrf_ringbuf.o
       552         60        104          3          0      41816   nrf_sdh.o
       724        232        539          1          0       5953   nrf_sdh_ble.o
        60          4         56          0          0       2480   nrf_sdh_soc.o
        78          0          0          0          0       2800   nrf_section_iter.o
        84          0         17          0          0       4137   nrf_sortlist.o
        76         10       1319          0          0       2759   nrf_strerror.o
       222         30         14          8          0      43610   nrfx_clock.o
       518         30         19          0        100      20095   nrfx_gpiote.o
       400         56         15          8          0       9614   nrfx_lpcomp.o
       112         16         12          8          0       4512   nrfx_prs.o
      1264        108         20          0         48      23510   nrfx_saadc.o
      1012         42         21          0         72      23791   nrfx_spim.o
         0          0         13          0          0      10856   nrfx_uart.o
         0          0         14          0          0      10662   nrfx_uarte.o
       270          6          0          0        648       7815   segger_rtt.o
      2904        114        420        255         81      11299   sokoban.o
       796         70          0          4          0       2959   system_nrf52.o

    ----------------------------------------------------------------------
     31236       2860      12420        680      42008    1194058   Object Totals
         0          0         32          0          0          0   (incl. Generated)
        40          0         79         13          7          0   (incl. Padding)

    ----------------------------------------------------------------------

      Code (inc. data)   RO Data    RW Data    ZI Data      Debug   Library Member Name

        86          0          0          0          0          0   __dczerorl2.o
         8          4        133          0          0         68   ctype_o.o
         0          0          0          0          0          0   entry.o
         0          0          0          0          0          0   entry10a.o
         0          0          0          0          0          0   entry11a.o
         8          4          0          0          0          0   entry2.o
         4          0          0          0          0          0   entry5.o
         0          0          0          0          0          0   entry7b.o
         0          0          0          0          0          0   entry8b.o
         8          4          0          0          0          0   entry9a.o
        30          0          0          0          0          0   handlers.o
        36          8          0          0          0         68   init.o
       188         20          0          0          0        160   malloc.o
        64          0          0          0          0         76   memmovea.o
        36          0          0          0          0        108   memseta.o
         0          0          0          8          0          0   mvars.o
        14          0          0          0          0         68   strlen.o

    ----------------------------------------------------------------------
       488         40        136          8          0        548   Library Totals
         6          0          3          0          0          0   (incl. Padding)

    ----------------------------------------------------------------------

      Code (inc. data)   RO Data    RW Data    ZI Data      Debug   Library Name

       482         40        133          8          0        548   mc_w.l

    ----------------------------------------------------------------------
       488         40        136          8          0        548   Library Totals

    ----------------------------------------------------------------------

==============================================================================


      Code (inc. data)   RO Data    RW Data    ZI Data      Debug   

     31724       2900      12556        688      42008    1159434   Grand Totals
     31724       2900      12556        216      42008    1159434   ELF Image Totals (compressed)
     31724       2900      12556        216          0          0   ROM Totals

==============================================================================

    Total RO  Size (Code + RO Data)                44280 (  43.24kB)
    Total RW  Size (RW Data + ZI Data)             42696 (  41.70kB)
    Total ROM Size (Code + RO Data + RW Data)      44496 (  43.45kB)

==============================================================================

